21:04:53 **** Build of configuration Debug for project RF-GEN_V1.0_20190429 ****
make all 
Building file: C:/WORK/Project/3_Plasma_RF_Generator/3_FirmWare/RF_GEN_Test/Drivers/STM32F0xx_HAL_Driver/Src/stm32f0xx_hal.c
Invoking: MCU GCC Compiler
C:\WORK\Project\3_Plasma_RF_Generator\3_FirmWare\RF_GEN_Test\SW4STM32\RF-GEN_V1.0_20190429\Debug
arm-none-eabi-gcc -mcpu=cortex-m0 -mthumb -mfloat-abi=soft '-D__weak=__attribute__((weak))' '-D__packed=__attribute__((__packed__))' -DUSE_HAL_DRIVER -DSTM32F070xB -I"C:/WORK/Project/3_Plasma_RF_Generator/3_FirmWare/RF_GEN_Test/Inc" -I"C:/WORK/Project/3_Plasma_RF_Generator/3_FirmWare/RF_GEN_Test/Drivers/STM32F0xx_HAL_Driver/Inc" -I"C:/WORK/Project/3_Plasma_RF_Generator/3_FirmWare/RF_GEN_Test/Drivers/STM32F0xx_HAL_Driver/Inc/Legacy" -I"C:/WORK/Project/3_Plasma_RF_Generator/3_FirmWare/RF_GEN_Test/Drivers/CMSIS/Device/ST/STM32F0xx/Include" -I"C:/WORK/Project/3_Plasma_RF_Generator/3_FirmWare/RF_GEN_Test/Drivers/CMSIS/Include"  -O2 -g3 -Wall -fmessage-length=0 -ffunction-sections -c -fmessage-length=0 -MMD -MP -MF"Drivers/STM32F0xx_HAL_Driver/stm32f0xx_hal.d" -MT"Drivers/STM32F0xx_HAL_Driver/stm32f0xx_hal.o" -o "Drivers/STM32F0xx_HAL_Driver/stm32f0xx_hal.o" "C:/WORK/Project/3_Plasma_RF_Generator/3_FirmWare/RF_GEN_Test/Drivers/STM32F0xx_HAL_Driver/Src/stm32f0xx_hal.c"
Finished building: C:/WORK/Project/3_Plasma_RF_Generator/3_FirmWare/RF_GEN_Test/Drivers/STM32F0xx_HAL_Driver/Src/stm32f0xx_hal.c
 
Building file: C:/WORK/Project/3_Plasma_RF_Generator/3_FirmWare/RF_GEN_Test/Drivers/STM32F0xx_HAL_Driver/Src/stm32f0xx_hal_adc.c
Invoking: MCU GCC Compiler
C:\WORK\Project\3_Plasma_RF_Generator\3_FirmWare\RF_GEN_Test\SW4STM32\RF-GEN_V1.0_20190429\Debug
arm-none-eabi-gcc -mcpu=cortex-m0 -mthumb -mfloat-abi=soft '-D__weak=__attribute__((weak))' '-D__packed=__attribute__((__packed__))' -DUSE_HAL_DRIVER -DSTM32F070xB -I"C:/WORK/Project/3_Plasma_RF_Generator/3_FirmWare/RF_GEN_Test/Inc" -I"C:/WORK/Project/3_Plasma_RF_Generator/3_FirmWare/RF_GEN_Test/Drivers/STM32F0xx_HAL_Driver/Inc" -I"C:/WORK/Project/3_Plasma_RF_Generator/3_FirmWare/RF_GEN_Test/Drivers/STM32F0xx_HAL_Driver/Inc/Legacy" -I"C:/WORK/Project/3_Plasma_RF_Generator/3_FirmWare/RF_GEN_Test/Drivers/CMSIS/Device/ST/STM32F0xx/Include" -I"C:/WORK/Project/3_Plasma_RF_Generator/3_FirmWare/RF_GEN_Test/Drivers/CMSIS/Include"  -O2 -g3 -Wall -fmessage-length=0 -ffunction-sections -c -fmessage-length=0 -MMD -MP -MF"Drivers/STM32F0xx_HAL_Driver/stm32f0xx_hal_adc.d" -MT"Drivers/STM32F0xx_HAL_Driver/stm32f0xx_hal_adc.o" -o "Drivers/STM32F0xx_HAL_Driver/stm32f0xx_hal_adc.o" "C:/WORK/Project/3_Plasma_RF_Generator/3_FirmWare/RF_GEN_Test/Drivers/STM32F0xx_HAL_Driver/Src/stm32f0xx_hal_adc.c"
Finished building: C:/WORK/Project/3_Plasma_RF_Generator/3_FirmWare/RF_GEN_Test/Drivers/STM32F0xx_HAL_Driver/Src/stm32f0xx_hal_adc.c
 
Building file: C:/WORK/Project/3_Plasma_RF_Generator/3_FirmWare/RF_GEN_Test/Drivers/STM32F0xx_HAL_Driver/Src/stm32f0xx_hal_adc_ex.c
Invoking: MCU GCC Compiler
C:\WORK\Project\3_Plasma_RF_Generator\3_FirmWare\RF_GEN_Test\SW4STM32\RF-GEN_V1.0_20190429\Debug
arm-none-eabi-gcc -mcpu=cortex-m0 -mthumb -mfloat-abi=soft '-D__weak=__attribute__((weak))' '-D__packed=__attribute__((__packed__))' -DUSE_HAL_DRIVER -DSTM32F070xB -I"C:/WORK/Project/3_Plasma_RF_Generator/3_FirmWare/RF_GEN_Test/Inc" -I"C:/WORK/Project/3_Plasma_RF_Generator/3_FirmWare/RF_GEN_Test/Drivers/STM32F0xx_HAL_Driver/Inc" -I"C:/WORK/Project/3_Plasma_RF_Generator/3_FirmWare/RF_GEN_Test/Drivers/STM32F0xx_HAL_Driver/Inc/Legacy" -I"C:/WORK/Project/3_Plasma_RF_Generator/3_FirmWare/RF_GEN_Test/Drivers/CMSIS/Device/ST/STM32F0xx/Include" -I"C:/WORK/Project/3_Plasma_RF_Generator/3_FirmWare/RF_GEN_Test/Drivers/CMSIS/Include"  -O2 -g3 -Wall -fmessage-length=0 -ffunction-sections -c -fmessage-length=0 -MMD -MP -MF"Drivers/STM32F0xx_HAL_Driver/stm32f0xx_hal_adc_ex.d" -MT"Drivers/STM32F0xx_HAL_Driver/stm32f0xx_hal_adc_ex.o" -o "Drivers/STM32F0xx_HAL_Driver/stm32f0xx_hal_adc_ex.o" "C:/WORK/Project/3_Plasma_RF_Generator/3_FirmWare/RF_GEN_Test/Drivers/STM32F0xx_HAL_Driver/Src/stm32f0xx_hal_adc_ex.c"
Finished building: C:/WORK/Project/3_Plasma_RF_Generator/3_FirmWare/RF_GEN_Test/Drivers/STM32F0xx_HAL_Driver/Src/stm32f0xx_hal_adc_ex.c
 
Building file: C:/WORK/Project/3_Plasma_RF_Generator/3_FirmWare/RF_GEN_Test/Drivers/STM32F0xx_HAL_Driver/Src/stm32f0xx_hal_cortex.c
Invoking: MCU GCC Compiler
C:\WORK\Project\3_Plasma_RF_Generator\3_FirmWare\RF_GEN_Test\SW4STM32\RF-GEN_V1.0_20190429\Debug
arm-none-eabi-gcc -mcpu=cortex-m0 -mthumb -mfloat-abi=soft '-D__weak=__attribute__((weak))' '-D__packed=__attribute__((__packed__))' -DUSE_HAL_DRIVER -DSTM32F070xB -I"C:/WORK/Project/3_Plasma_RF_Generator/3_FirmWare/RF_GEN_Test/Inc" -I"C:/WORK/Project/3_Plasma_RF_Generator/3_FirmWare/RF_GEN_Test/Drivers/STM32F0xx_HAL_Driver/Inc" -I"C:/WORK/Project/3_Plasma_RF_Generator/3_FirmWare/RF_GEN_Test/Drivers/STM32F0xx_HAL_Driver/Inc/Legacy" -I"C:/WORK/Project/3_Plasma_RF_Generator/3_FirmWare/RF_GEN_Test/Drivers/CMSIS/Device/ST/STM32F0xx/Include" -I"C:/WORK/Project/3_Plasma_RF_Generator/3_FirmWare/RF_GEN_Test/Drivers/CMSIS/Include"  -O2 -g3 -Wall -fmessage-length=0 -ffunction-sections -c -fmessage-length=0 -MMD -MP -MF"Drivers/STM32F0xx_HAL_Driver/stm32f0xx_hal_cortex.d" -MT"Drivers/STM32F0xx_HAL_Driver/stm32f0xx_hal_cortex.o" -o "Drivers/STM32F0xx_HAL_Driver/stm32f0xx_hal_cortex.o" "C:/WORK/Project/3_Plasma_RF_Generator/3_FirmWare/RF_GEN_Test/Drivers/STM32F0xx_HAL_Driver/Src/stm32f0xx_hal_cortex.c"
Finished building: C:/WORK/Project/3_Plasma_RF_Generator/3_FirmWare/RF_GEN_Test/Drivers/STM32F0xx_HAL_Driver/Src/stm32f0xx_hal_cortex.c
 
Building file: C:/WORK/Project/3_Plasma_RF_Generator/3_FirmWare/RF_GEN_Test/Drivers/STM32F0xx_HAL_Driver/Src/stm32f0xx_hal_dma.c
Invoking: MCU GCC Compiler
C:\WORK\Project\3_Plasma_RF_Generator\3_FirmWare\RF_GEN_Test\SW4STM32\RF-GEN_V1.0_20190429\Debug
arm-none-eabi-gcc -mcpu=cortex-m0 -mthumb -mfloat-abi=soft '-D__weak=__attribute__((weak))' '-D__packed=__attribute__((__packed__))' -DUSE_HAL_DRIVER -DSTM32F070xB -I"C:/WORK/Project/3_Plasma_RF_Generator/3_FirmWare/RF_GEN_Test/Inc" -I"C:/WORK/Project/3_Plasma_RF_Generator/3_FirmWare/RF_GEN_Test/Drivers/STM32F0xx_HAL_Driver/Inc" -I"C:/WORK/Project/3_Plasma_RF_Generator/3_FirmWare/RF_GEN_Test/Drivers/STM32F0xx_HAL_Driver/Inc/Legacy" -I"C:/WORK/Project/3_Plasma_RF_Generator/3_FirmWare/RF_GEN_Test/Drivers/CMSIS/Device/ST/STM32F0xx/Include" -I"C:/WORK/Project/3_Plasma_RF_Generator/3_FirmWare/RF_GEN_Test/Drivers/CMSIS/Include"  -O2 -g3 -Wall -fmessage-length=0 -ffunction-sections -c -fmessage-length=0 -MMD -MP -MF"Drivers/STM32F0xx_HAL_Driver/stm32f0xx_hal_dma.d" -MT"Drivers/STM32F0xx_HAL_Driver/stm32f0xx_hal_dma.o" -o "Drivers/STM32F0xx_HAL_Driver/stm32f0xx_hal_dma.o" "C:/WORK/Project/3_Plasma_RF_Generator/3_FirmWare/RF_GEN_Test/Drivers/STM32F0xx_HAL_Driver/Src/stm32f0xx_hal_dma.c"
Finished building: C:/WORK/Project/3_Plasma_RF_Generator/3_FirmWare/RF_GEN_Test/Drivers/STM32F0xx_HAL_Driver/Src/stm32f0xx_hal_dma.c
 
Building file: C:/WORK/Project/3_Plasma_RF_Generator/3_FirmWare/RF_GEN_Test/Drivers/STM32F0xx_HAL_Driver/Src/stm32f0xx_hal_flash.c
Invoking: MCU GCC Compiler
C:\WORK\Project\3_Plasma_RF_Generator\3_FirmWare\RF_GEN_Test\SW4STM32\RF-GEN_V1.0_20190429\Debug
arm-none-eabi-gcc -mcpu=cortex-m0 -mthumb -mfloat-abi=soft '-D__weak=__attribute__((weak))' '-D__packed=__attribute__((__packed__))' -DUSE_HAL_DRIVER -DSTM32F070xB -I"C:/WORK/Project/3_Plasma_RF_Generator/3_FirmWare/RF_GEN_Test/Inc" -I"C:/WORK/Project/3_Plasma_RF_Generator/3_FirmWare/RF_GEN_Test/Drivers/STM32F0xx_HAL_Driver/Inc" -I"C:/WORK/Project/3_Plasma_RF_Generator/3_FirmWare/RF_GEN_Test/Drivers/STM32F0xx_HAL_Driver/Inc/Legacy" -I"C:/WORK/Project/3_Plasma_RF_Generator/3_FirmWare/RF_GEN_Test/Drivers/CMSIS/Device/ST/STM32F0xx/Include" -I"C:/WORK/Project/3_Plasma_RF_Generator/3_FirmWare/RF_GEN_Test/Drivers/CMSIS/Include"  -O2 -g3 -Wall -fmessage-length=0 -ffunction-sections -c -fmessage-length=0 -MMD -MP -MF"Drivers/STM32F0xx_HAL_Driver/stm32f0xx_hal_flash.d" -MT"Drivers/STM32F0xx_HAL_Driver/stm32f0xx_hal_flash.o" -o "Drivers/STM32F0xx_HAL_Driver/stm32f0xx_hal_flash.o" "C:/WORK/Project/3_Plasma_RF_Generator/3_FirmWare/RF_GEN_Test/Drivers/STM32F0xx_HAL_Driver/Src/stm32f0xx_hal_flash.c"
Finished building: C:/WORK/Project/3_Plasma_RF_Generator/3_FirmWare/RF_GEN_Test/Drivers/STM32F0xx_HAL_Driver/Src/stm32f0xx_hal_flash.c
 
Building file: C:/WORK/Project/3_Plasma_RF_Generator/3_FirmWare/RF_GEN_Test/Drivers/STM32F0xx_HAL_Driver/Src/stm32f0xx_hal_flash_ex.c
Invoking: MCU GCC Compiler
C:\WORK\Project\3_Plasma_RF_Generator\3_FirmWare\RF_GEN_Test\SW4STM32\RF-GEN_V1.0_20190429\Debug
arm-none-eabi-gcc -mcpu=cortex-m0 -mthumb -mfloat-abi=soft '-D__weak=__attribute__((weak))' '-D__packed=__attribute__((__packed__))' -DUSE_HAL_DRIVER -DSTM32F070xB -I"C:/WORK/Project/3_Plasma_RF_Generator/3_FirmWare/RF_GEN_Test/Inc" -I"C:/WORK/Project/3_Plasma_RF_Generator/3_FirmWare/RF_GEN_Test/Drivers/STM32F0xx_HAL_Driver/Inc" -I"C:/WORK/Project/3_Plasma_RF_Generator/3_FirmWare/RF_GEN_Test/Drivers/STM32F0xx_HAL_Driver/Inc/Legacy" -I"C:/WORK/Project/3_Plasma_RF_Generator/3_FirmWare/RF_GEN_Test/Drivers/CMSIS/Device/ST/STM32F0xx/Include" -I"C:/WORK/Project/3_Plasma_RF_Generator/3_FirmWare/RF_GEN_Test/Drivers/CMSIS/Include"  -O2 -g3 -Wall -fmessage-length=0 -ffunction-sections -c -fmessage-length=0 -MMD -MP -MF"Drivers/STM32F0xx_HAL_Driver/stm32f0xx_hal_flash_ex.d" -MT"Drivers/STM32F0xx_HAL_Driver/stm32f0xx_hal_flash_ex.o" -o "Drivers/STM32F0xx_HAL_Driver/stm32f0xx_hal_flash_ex.o" "C:/WORK/Project/3_Plasma_RF_Generator/3_FirmWare/RF_GEN_Test/Drivers/STM32F0xx_HAL_Driver/Src/stm32f0xx_hal_flash_ex.c"
Finished building: C:/WORK/Project/3_Plasma_RF_Generator/3_FirmWare/RF_GEN_Test/Drivers/STM32F0xx_HAL_Driver/Src/stm32f0xx_hal_flash_ex.c
 
Building file: C:/WORK/Project/3_Plasma_RF_Generator/3_FirmWare/RF_GEN_Test/Drivers/STM32F0xx_HAL_Driver/Src/stm32f0xx_hal_gpio.c
Invoking: MCU GCC Compiler
C:\WORK\Project\3_Plasma_RF_Generator\3_FirmWare\RF_GEN_Test\SW4STM32\RF-GEN_V1.0_20190429\Debug
arm-none-eabi-gcc -mcpu=cortex-m0 -mthumb -mfloat-abi=soft '-D__weak=__attribute__((weak))' '-D__packed=__attribute__((__packed__))' -DUSE_HAL_DRIVER -DSTM32F070xB -I"C:/WORK/Project/3_Plasma_RF_Generator/3_FirmWare/RF_GEN_Test/Inc" -I"C:/WORK/Project/3_Plasma_RF_Generator/3_FirmWare/RF_GEN_Test/Drivers/STM32F0xx_HAL_Driver/Inc" -I"C:/WORK/Project/3_Plasma_RF_Generator/3_FirmWare/RF_GEN_Test/Drivers/STM32F0xx_HAL_Driver/Inc/Legacy" -I"C:/WORK/Project/3_Plasma_RF_Generator/3_FirmWare/RF_GEN_Test/Drivers/CMSIS/Device/ST/STM32F0xx/Include" -I"C:/WORK/Project/3_Plasma_RF_Generator/3_FirmWare/RF_GEN_Test/Drivers/CMSIS/Include"  -O2 -g3 -Wall -fmessage-length=0 -ffunction-sections -c -fmessage-length=0 -MMD -MP -MF"Drivers/STM32F0xx_HAL_Driver/stm32f0xx_hal_gpio.d" -MT"Drivers/STM32F0xx_HAL_Driver/stm32f0xx_hal_gpio.o" -o "Drivers/STM32F0xx_HAL_Driver/stm32f0xx_hal_gpio.o" "C:/WORK/Project/3_Plasma_RF_Generator/3_FirmWare/RF_GEN_Test/Drivers/STM32F0xx_HAL_Driver/Src/stm32f0xx_hal_gpio.c"
Finished building: C:/WORK/Project/3_Plasma_RF_Generator/3_FirmWare/RF_GEN_Test/Drivers/STM32F0xx_HAL_Driver/Src/stm32f0xx_hal_gpio.c
 
Building file: C:/WORK/Project/3_Plasma_RF_Generator/3_FirmWare/RF_GEN_Test/Drivers/STM32F0xx_HAL_Driver/Src/stm32f0xx_hal_i2c.c
Invoking: MCU GCC Compiler
C:\WORK\Project\3_Plasma_RF_Generator\3_FirmWare\RF_GEN_Test\SW4STM32\RF-GEN_V1.0_20190429\Debug
arm-none-eabi-gcc -mcpu=cortex-m0 -mthumb -mfloat-abi=soft '-D__weak=__attribute__((weak))' '-D__packed=__attribute__((__packed__))' -DUSE_HAL_DRIVER -DSTM32F070xB -I"C:/WORK/Project/3_Plasma_RF_Generator/3_FirmWare/RF_GEN_Test/Inc" -I"C:/WORK/Project/3_Plasma_RF_Generator/3_FirmWare/RF_GEN_Test/Drivers/STM32F0xx_HAL_Driver/Inc" -I"C:/WORK/Project/3_Plasma_RF_Generator/3_FirmWare/RF_GEN_Test/Drivers/STM32F0xx_HAL_Driver/Inc/Legacy" -I"C:/WORK/Project/3_Plasma_RF_Generator/3_FirmWare/RF_GEN_Test/Drivers/CMSIS/Device/ST/STM32F0xx/Include" -I"C:/WORK/Project/3_Plasma_RF_Generator/3_FirmWare/RF_GEN_Test/Drivers/CMSIS/Include"  -O2 -g3 -Wall -fmessage-length=0 -ffunction-sections -c -fmessage-length=0 -MMD -MP -MF"Drivers/STM32F0xx_HAL_Driver/stm32f0xx_hal_i2c.d" -MT"Drivers/STM32F0xx_HAL_Driver/stm32f0xx_hal_i2c.o" -o "Drivers/STM32F0xx_HAL_Driver/stm32f0xx_hal_i2c.o" "C:/WORK/Project/3_Plasma_RF_Generator/3_FirmWare/RF_GEN_Test/Drivers/STM32F0xx_HAL_Driver/Src/stm32f0xx_hal_i2c.c"
Finished building: C:/WORK/Project/3_Plasma_RF_Generator/3_FirmWare/RF_GEN_Test/Drivers/STM32F0xx_HAL_Driver/Src/stm32f0xx_hal_i2c.c
 
Building file: C:/WORK/Project/3_Plasma_RF_Generator/3_FirmWare/RF_GEN_Test/Drivers/STM32F0xx_HAL_Driver/Src/stm32f0xx_hal_i2c_ex.c
Invoking: MCU GCC Compiler
C:\WORK\Project\3_Plasma_RF_Generator\3_FirmWare\RF_GEN_Test\SW4STM32\RF-GEN_V1.0_20190429\Debug
arm-none-eabi-gcc -mcpu=cortex-m0 -mthumb -mfloat-abi=soft '-D__weak=__attribute__((weak))' '-D__packed=__attribute__((__packed__))' -DUSE_HAL_DRIVER -DSTM32F070xB -I"C:/WORK/Project/3_Plasma_RF_Generator/3_FirmWare/RF_GEN_Test/Inc" -I"C:/WORK/Project/3_Plasma_RF_Generator/3_FirmWare/RF_GEN_Test/Drivers/STM32F0xx_HAL_Driver/Inc" -I"C:/WORK/Project/3_Plasma_RF_Generator/3_FirmWare/RF_GEN_Test/Drivers/STM32F0xx_HAL_Driver/Inc/Legacy" -I"C:/WORK/Project/3_Plasma_RF_Generator/3_FirmWare/RF_GEN_Test/Drivers/CMSIS/Device/ST/STM32F0xx/Include" -I"C:/WORK/Project/3_Plasma_RF_Generator/3_FirmWare/RF_GEN_Test/Drivers/CMSIS/Include"  -O2 -g3 -Wall -fmessage-length=0 -ffunction-sections -c -fmessage-length=0 -MMD -MP -MF"Drivers/STM32F0xx_HAL_Driver/stm32f0xx_hal_i2c_ex.d" -MT"Drivers/STM32F0xx_HAL_Driver/stm32f0xx_hal_i2c_ex.o" -o "Drivers/STM32F0xx_HAL_Driver/stm32f0xx_hal_i2c_ex.o" "C:/WORK/Project/3_Plasma_RF_Generator/3_FirmWare/RF_GEN_Test/Drivers/STM32F0xx_HAL_Driver/Src/stm32f0xx_hal_i2c_ex.c"
Finished building: C:/WORK/Project/3_Plasma_RF_Generator/3_FirmWare/RF_GEN_Test/Drivers/STM32F0xx_HAL_Driver/Src/stm32f0xx_hal_i2c_ex.c
 
Building file: C:/WORK/Project/3_Plasma_RF_Generator/3_FirmWare/RF_GEN_Test/Drivers/STM32F0xx_HAL_Driver/Src/stm32f0xx_hal_pwr.c
Invoking: MCU GCC Compiler
C:\WORK\Project\3_Plasma_RF_Generator\3_FirmWare\RF_GEN_Test\SW4STM32\RF-GEN_V1.0_20190429\Debug
arm-none-eabi-gcc -mcpu=cortex-m0 -mthumb -mfloat-abi=soft '-D__weak=__attribute__((weak))' '-D__packed=__attribute__((__packed__))' -DUSE_HAL_DRIVER -DSTM32F070xB -I"C:/WORK/Project/3_Plasma_RF_Generator/3_FirmWare/RF_GEN_Test/Inc" -I"C:/WORK/Project/3_Plasma_RF_Generator/3_FirmWare/RF_GEN_Test/Drivers/STM32F0xx_HAL_Driver/Inc" -I"C:/WORK/Project/3_Plasma_RF_Generator/3_FirmWare/RF_GEN_Test/Drivers/STM32F0xx_HAL_Driver/Inc/Legacy" -I"C:/WORK/Project/3_Plasma_RF_Generator/3_FirmWare/RF_GEN_Test/Drivers/CMSIS/Device/ST/STM32F0xx/Include" -I"C:/WORK/Project/3_Plasma_RF_Generator/3_FirmWare/RF_GEN_Test/Drivers/CMSIS/Include"  -O2 -g3 -Wall -fmessage-length=0 -ffunction-sections -c -fmessage-length=0 -MMD -MP -MF"Drivers/STM32F0xx_HAL_Driver/stm32f0xx_hal_pwr.d" -MT"Drivers/STM32F0xx_HAL_Driver/stm32f0xx_hal_pwr.o" -o "Drivers/STM32F0xx_HAL_Driver/stm32f0xx_hal_pwr.o" "C:/WORK/Project/3_Plasma_RF_Generator/3_FirmWare/RF_GEN_Test/Drivers/STM32F0xx_HAL_Driver/Src/stm32f0xx_hal_pwr.c"
Finished building: C:/WORK/Project/3_Plasma_RF_Generator/3_FirmWare/RF_GEN_Test/Drivers/STM32F0xx_HAL_Driver/Src/stm32f0xx_hal_pwr.c
 
Building file: C:/WORK/Project/3_Plasma_RF_Generator/3_FirmWare/RF_GEN_Test/Drivers/STM32F0xx_HAL_Driver/Src/stm32f0xx_hal_pwr_ex.c
Invoking: MCU GCC Compiler
C:\WORK\Project\3_Plasma_RF_Generator\3_FirmWare\RF_GEN_Test\SW4STM32\RF-GEN_V1.0_20190429\Debug
arm-none-eabi-gcc -mcpu=cortex-m0 -mthumb -mfloat-abi=soft '-D__weak=__attribute__((weak))' '-D__packed=__attribute__((__packed__))' -DUSE_HAL_DRIVER -DSTM32F070xB -I"C:/WORK/Project/3_Plasma_RF_Generator/3_FirmWare/RF_GEN_Test/Inc" -I"C:/WORK/Project/3_Plasma_RF_Generator/3_FirmWare/RF_GEN_Test/Drivers/STM32F0xx_HAL_Driver/Inc" -I"C:/WORK/Project/3_Plasma_RF_Generator/3_FirmWare/RF_GEN_Test/Drivers/STM32F0xx_HAL_Driver/Inc/Legacy" -I"C:/WORK/Project/3_Plasma_RF_Generator/3_FirmWare/RF_GEN_Test/Drivers/CMSIS/Device/ST/STM32F0xx/Include" -I"C:/WORK/Project/3_Plasma_RF_Generator/3_FirmWare/RF_GEN_Test/Drivers/CMSIS/Include"  -O2 -g3 -Wall -fmessage-length=0 -ffunction-sections -c -fmessage-length=0 -MMD -MP -MF"Drivers/STM32F0xx_HAL_Driver/stm32f0xx_hal_pwr_ex.d" -MT"Drivers/STM32F0xx_HAL_Driver/stm32f0xx_hal_pwr_ex.o" -o "Drivers/STM32F0xx_HAL_Driver/stm32f0xx_hal_pwr_ex.o" "C:/WORK/Project/3_Plasma_RF_Generator/3_FirmWare/RF_GEN_Test/Drivers/STM32F0xx_HAL_Driver/Src/stm32f0xx_hal_pwr_ex.c"
Finished building: C:/WORK/Project/3_Plasma_RF_Generator/3_FirmWare/RF_GEN_Test/Drivers/STM32F0xx_HAL_Driver/Src/stm32f0xx_hal_pwr_ex.c
 
Building file: C:/WORK/Project/3_Plasma_RF_Generator/3_FirmWare/RF_GEN_Test/Drivers/STM32F0xx_HAL_Driver/Src/stm32f0xx_hal_rcc.c
Invoking: MCU GCC Compiler
C:\WORK\Project\3_Plasma_RF_Generator\3_FirmWare\RF_GEN_Test\SW4STM32\RF-GEN_V1.0_20190429\Debug
arm-none-eabi-gcc -mcpu=cortex-m0 -mthumb -mfloat-abi=soft '-D__weak=__attribute__((weak))' '-D__packed=__attribute__((__packed__))' -DUSE_HAL_DRIVER -DSTM32F070xB -I"C:/WORK/Project/3_Plasma_RF_Generator/3_FirmWare/RF_GEN_Test/Inc" -I"C:/WORK/Project/3_Plasma_RF_Generator/3_FirmWare/RF_GEN_Test/Drivers/STM32F0xx_HAL_Driver/Inc" -I"C:/WORK/Project/3_Plasma_RF_Generator/3_FirmWare/RF_GEN_Test/Drivers/STM32F0xx_HAL_Driver/Inc/Legacy" -I"C:/WORK/Project/3_Plasma_RF_Generator/3_FirmWare/RF_GEN_Test/Drivers/CMSIS/Device/ST/STM32F0xx/Include" -I"C:/WORK/Project/3_Plasma_RF_Generator/3_FirmWare/RF_GEN_Test/Drivers/CMSIS/Include"  -O2 -g3 -Wall -fmessage-length=0 -ffunction-sections -c -fmessage-length=0 -MMD -MP -MF"Drivers/STM32F0xx_HAL_Driver/stm32f0xx_hal_rcc.d" -MT"Drivers/STM32F0xx_HAL_Driver/stm32f0xx_hal_rcc.o" -o "Drivers/STM32F0xx_HAL_Driver/stm32f0xx_hal_rcc.o" "C:/WORK/Project/3_Plasma_RF_Generator/3_FirmWare/RF_GEN_Test/Drivers/STM32F0xx_HAL_Driver/Src/stm32f0xx_hal_rcc.c"
Finished building: C:/WORK/Project/3_Plasma_RF_Generator/3_FirmWare/RF_GEN_Test/Drivers/STM32F0xx_HAL_Driver/Src/stm32f0xx_hal_rcc.c
 
Building file: C:/WORK/Project/3_Plasma_RF_Generator/3_FirmWare/RF_GEN_Test/Drivers/STM32F0xx_HAL_Driver/Src/stm32f0xx_hal_rcc_ex.c
Invoking: MCU GCC Compiler
C:\WORK\Project\3_Plasma_RF_Generator\3_FirmWare\RF_GEN_Test\SW4STM32\RF-GEN_V1.0_20190429\Debug
arm-none-eabi-gcc -mcpu=cortex-m0 -mthumb -mfloat-abi=soft '-D__weak=__attribute__((weak))' '-D__packed=__attribute__((__packed__))' -DUSE_HAL_DRIVER -DSTM32F070xB -I"C:/WORK/Project/3_Plasma_RF_Generator/3_FirmWare/RF_GEN_Test/Inc" -I"C:/WORK/Project/3_Plasma_RF_Generator/3_FirmWare/RF_GEN_Test/Drivers/STM32F0xx_HAL_Driver/Inc" -I"C:/WORK/Project/3_Plasma_RF_Generator/3_FirmWare/RF_GEN_Test/Drivers/STM32F0xx_HAL_Driver/Inc/Legacy" -I"C:/WORK/Project/3_Plasma_RF_Generator/3_FirmWare/RF_GEN_Test/Drivers/CMSIS/Device/ST/STM32F0xx/Include" -I"C:/WORK/Project/3_Plasma_RF_Generator/3_FirmWare/RF_GEN_Test/Drivers/CMSIS/Include"  -O2 -g3 -Wall -fmessage-length=0 -ffunction-sections -c -fmessage-length=0 -MMD -MP -MF"Drivers/STM32F0xx_HAL_Driver/stm32f0xx_hal_rcc_ex.d" -MT"Drivers/STM32F0xx_HAL_Driver/stm32f0xx_hal_rcc_ex.o" -o "Drivers/STM32F0xx_HAL_Driver/stm32f0xx_hal_rcc_ex.o" "C:/WORK/Project/3_Plasma_RF_Generator/3_FirmWare/RF_GEN_Test/Drivers/STM32F0xx_HAL_Driver/Src/stm32f0xx_hal_rcc_ex.c"
Finished building: C:/WORK/Project/3_Plasma_RF_Generator/3_FirmWare/RF_GEN_Test/Drivers/STM32F0xx_HAL_Driver/Src/stm32f0xx_hal_rcc_ex.c
 
Building file: C:/WORK/Project/3_Plasma_RF_Generator/3_FirmWare/RF_GEN_Test/Drivers/STM32F0xx_HAL_Driver/Src/stm32f0xx_hal_tim.c
Invoking: MCU GCC Compiler
C:\WORK\Project\3_Plasma_RF_Generator\3_FirmWare\RF_GEN_Test\SW4STM32\RF-GEN_V1.0_20190429\Debug
arm-none-eabi-gcc -mcpu=cortex-m0 -mthumb -mfloat-abi=soft '-D__weak=__attribute__((weak))' '-D__packed=__attribute__((__packed__))' -DUSE_HAL_DRIVER -DSTM32F070xB -I"C:/WORK/Project/3_Plasma_RF_Generator/3_FirmWare/RF_GEN_Test/Inc" -I"C:/WORK/Project/3_Plasma_RF_Generator/3_FirmWare/RF_GEN_Test/Drivers/STM32F0xx_HAL_Driver/Inc" -I"C:/WORK/Project/3_Plasma_RF_Generator/3_FirmWare/RF_GEN_Test/Drivers/STM32F0xx_HAL_Driver/Inc/Legacy" -I"C:/WORK/Project/3_Plasma_RF_Generator/3_FirmWare/RF_GEN_Test/Drivers/CMSIS/Device/ST/STM32F0xx/Include" -I"C:/WORK/Project/3_Plasma_RF_Generator/3_FirmWare/RF_GEN_Test/Drivers/CMSIS/Include"  -O2 -g3 -Wall -fmessage-length=0 -ffunction-sections -c -fmessage-length=0 -MMD -MP -MF"Drivers/STM32F0xx_HAL_Driver/stm32f0xx_hal_tim.d" -MT"Drivers/STM32F0xx_HAL_Driver/stm32f0xx_hal_tim.o" -o "Drivers/STM32F0xx_HAL_Driver/stm32f0xx_hal_tim.o" "C:/WORK/Project/3_Plasma_RF_Generator/3_FirmWare/RF_GEN_Test/Drivers/STM32F0xx_HAL_Driver/Src/stm32f0xx_hal_tim.c"
Finished building: C:/WORK/Project/3_Plasma_RF_Generator/3_FirmWare/RF_GEN_Test/Drivers/STM32F0xx_HAL_Driver/Src/stm32f0xx_hal_tim.c
 
Building file: C:/WORK/Project/3_Plasma_RF_Generator/3_FirmWare/RF_GEN_Test/Drivers/STM32F0xx_HAL_Driver/Src/stm32f0xx_hal_tim_ex.c
Invoking: MCU GCC Compiler
C:\WORK\Project\3_Plasma_RF_Generator\3_FirmWare\RF_GEN_Test\SW4STM32\RF-GEN_V1.0_20190429\Debug
arm-none-eabi-gcc -mcpu=cortex-m0 -mthumb -mfloat-abi=soft '-D__weak=__attribute__((weak))' '-D__packed=__attribute__((__packed__))' -DUSE_HAL_DRIVER -DSTM32F070xB -I"C:/WORK/Project/3_Plasma_RF_Generator/3_FirmWare/RF_GEN_Test/Inc" -I"C:/WORK/Project/3_Plasma_RF_Generator/3_FirmWare/RF_GEN_Test/Drivers/STM32F0xx_HAL_Driver/Inc" -I"C:/WORK/Project/3_Plasma_RF_Generator/3_FirmWare/RF_GEN_Test/Drivers/STM32F0xx_HAL_Driver/Inc/Legacy" -I"C:/WORK/Project/3_Plasma_RF_Generator/3_FirmWare/RF_GEN_Test/Drivers/CMSIS/Device/ST/STM32F0xx/Include" -I"C:/WORK/Project/3_Plasma_RF_Generator/3_FirmWare/RF_GEN_Test/Drivers/CMSIS/Include"  -O2 -g3 -Wall -fmessage-length=0 -ffunction-sections -c -fmessage-length=0 -MMD -MP -MF"Drivers/STM32F0xx_HAL_Driver/stm32f0xx_hal_tim_ex.d" -MT"Drivers/STM32F0xx_HAL_Driver/stm32f0xx_hal_tim_ex.o" -o "Drivers/STM32F0xx_HAL_Driver/stm32f0xx_hal_tim_ex.o" "C:/WORK/Project/3_Plasma_RF_Generator/3_FirmWare/RF_GEN_Test/Drivers/STM32F0xx_HAL_Driver/Src/stm32f0xx_hal_tim_ex.c"
Finished building: C:/WORK/Project/3_Plasma_RF_Generator/3_FirmWare/RF_GEN_Test/Drivers/STM32F0xx_HAL_Driver/Src/stm32f0xx_hal_tim_ex.c
 
Building file: C:/WORK/Project/3_Plasma_RF_Generator/3_FirmWare/RF_GEN_Test/Drivers/STM32F0xx_HAL_Driver/Src/stm32f0xx_hal_uart.c
Invoking: MCU GCC Compiler
C:\WORK\Project\3_Plasma_RF_Generator\3_FirmWare\RF_GEN_Test\SW4STM32\RF-GEN_V1.0_20190429\Debug
arm-none-eabi-gcc -mcpu=cortex-m0 -mthumb -mfloat-abi=soft '-D__weak=__attribute__((weak))' '-D__packed=__attribute__((__packed__))' -DUSE_HAL_DRIVER -DSTM32F070xB -I"C:/WORK/Project/3_Plasma_RF_Generator/3_FirmWare/RF_GEN_Test/Inc" -I"C:/WORK/Project/3_Plasma_RF_Generator/3_FirmWare/RF_GEN_Test/Drivers/STM32F0xx_HAL_Driver/Inc" -I"C:/WORK/Project/3_Plasma_RF_Generator/3_FirmWare/RF_GEN_Test/Drivers/STM32F0xx_HAL_Driver/Inc/Legacy" -I"C:/WORK/Project/3_Plasma_RF_Generator/3_FirmWare/RF_GEN_Test/Drivers/CMSIS/Device/ST/STM32F0xx/Include" -I"C:/WORK/Project/3_Plasma_RF_Generator/3_FirmWare/RF_GEN_Test/Drivers/CMSIS/Include"  -O2 -g3 -Wall -fmessage-length=0 -ffunction-sections -c -fmessage-length=0 -MMD -MP -MF"Drivers/STM32F0xx_HAL_Driver/stm32f0xx_hal_uart.d" -MT"Drivers/STM32F0xx_HAL_Driver/stm32f0xx_hal_uart.o" -o "Drivers/STM32F0xx_HAL_Driver/stm32f0xx_hal_uart.o" "C:/WORK/Project/3_Plasma_RF_Generator/3_FirmWare/RF_GEN_Test/Drivers/STM32F0xx_HAL_Driver/Src/stm32f0xx_hal_uart.c"
Finished building: C:/WORK/Project/3_Plasma_RF_Generator/3_FirmWare/RF_GEN_Test/Drivers/STM32F0xx_HAL_Driver/Src/stm32f0xx_hal_uart.c
 
Building file: C:/WORK/Project/3_Plasma_RF_Generator/3_FirmWare/RF_GEN_Test/Drivers/STM32F0xx_HAL_Driver/Src/stm32f0xx_hal_uart_ex.c
Invoking: MCU GCC Compiler
C:\WORK\Project\3_Plasma_RF_Generator\3_FirmWare\RF_GEN_Test\SW4STM32\RF-GEN_V1.0_20190429\Debug
arm-none-eabi-gcc -mcpu=cortex-m0 -mthumb -mfloat-abi=soft '-D__weak=__attribute__((weak))' '-D__packed=__attribute__((__packed__))' -DUSE_HAL_DRIVER -DSTM32F070xB -I"C:/WORK/Project/3_Plasma_RF_Generator/3_FirmWare/RF_GEN_Test/Inc" -I"C:/WORK/Project/3_Plasma_RF_Generator/3_FirmWare/RF_GEN_Test/Drivers/STM32F0xx_HAL_Driver/Inc" -I"C:/WORK/Project/3_Plasma_RF_Generator/3_FirmWare/RF_GEN_Test/Drivers/STM32F0xx_HAL_Driver/Inc/Legacy" -I"C:/WORK/Project/3_Plasma_RF_Generator/3_FirmWare/RF_GEN_Test/Drivers/CMSIS/Device/ST/STM32F0xx/Include" -I"C:/WORK/Project/3_Plasma_RF_Generator/3_FirmWare/RF_GEN_Test/Drivers/CMSIS/Include"  -O2 -g3 -Wall -fmessage-length=0 -ffunction-sections -c -fmessage-length=0 -MMD -MP -MF"Drivers/STM32F0xx_HAL_Driver/stm32f0xx_hal_uart_ex.d" -MT"Drivers/STM32F0xx_HAL_Driver/stm32f0xx_hal_uart_ex.o" -o "Drivers/STM32F0xx_HAL_Driver/stm32f0xx_hal_uart_ex.o" "C:/WORK/Project/3_Plasma_RF_Generator/3_FirmWare/RF_GEN_Test/Drivers/STM32F0xx_HAL_Driver/Src/stm32f0xx_hal_uart_ex.c"
Finished building: C:/WORK/Project/3_Plasma_RF_Generator/3_FirmWare/RF_GEN_Test/Drivers/STM32F0xx_HAL_Driver/Src/stm32f0xx_hal_uart_ex.c
 
Building file: C:/WORK/Project/3_Plasma_RF_Generator/3_FirmWare/RF_GEN_Test/Src/system_stm32f0xx.c
Invoking: MCU GCC Compiler
C:\WORK\Project\3_Plasma_RF_Generator\3_FirmWare\RF_GEN_Test\SW4STM32\RF-GEN_V1.0_20190429\Debug
arm-none-eabi-gcc -mcpu=cortex-m0 -mthumb -mfloat-abi=soft '-D__weak=__attribute__((weak))' '-D__packed=__attribute__((__packed__))' -DUSE_HAL_DRIVER -DSTM32F070xB -I"C:/WORK/Project/3_Plasma_RF_Generator/3_FirmWare/RF_GEN_Test/Inc" -I"C:/WORK/Project/3_Plasma_RF_Generator/3_FirmWare/RF_GEN_Test/Drivers/STM32F0xx_HAL_Driver/Inc" -I"C:/WORK/Project/3_Plasma_RF_Generator/3_FirmWare/RF_GEN_Test/Drivers/STM32F0xx_HAL_Driver/Inc/Legacy" -I"C:/WORK/Project/3_Plasma_RF_Generator/3_FirmWare/RF_GEN_Test/Drivers/CMSIS/Device/ST/STM32F0xx/Include" -I"C:/WORK/Project/3_Plasma_RF_Generator/3_FirmWare/RF_GEN_Test/Drivers/CMSIS/Include"  -O2 -g3 -Wall -fmessage-length=0 -ffunction-sections -c -fmessage-length=0 -MMD -MP -MF"Drivers/CMSIS/system_stm32f0xx.d" -MT"Drivers/CMSIS/system_stm32f0xx.o" -o "Drivers/CMSIS/system_stm32f0xx.o" "C:/WORK/Project/3_Plasma_RF_Generator/3_FirmWare/RF_GEN_Test/Src/system_stm32f0xx.c"
Finished building: C:/WORK/Project/3_Plasma_RF_Generator/3_FirmWare/RF_GEN_Test/Src/system_stm32f0xx.c
 
Building file: C:/WORK/Project/3_Plasma_RF_Generator/3_FirmWare/RF_GEN_Test/Src/adc.c
Invoking: MCU GCC Compiler
C:\WORK\Project\3_Plasma_RF_Generator\3_FirmWare\RF_GEN_Test\SW4STM32\RF-GEN_V1.0_20190429\Debug
arm-none-eabi-gcc -mcpu=cortex-m0 -mthumb -mfloat-abi=soft '-D__weak=__attribute__((weak))' '-D__packed=__attribute__((__packed__))' -DUSE_HAL_DRIVER -DSTM32F070xB -I"C:/WORK/Project/3_Plasma_RF_Generator/3_FirmWare/RF_GEN_Test/Inc" -I"C:/WORK/Project/3_Plasma_RF_Generator/3_FirmWare/RF_GEN_Test/Drivers/STM32F0xx_HAL_Driver/Inc" -I"C:/WORK/Project/3_Plasma_RF_Generator/3_FirmWare/RF_GEN_Test/Drivers/STM32F0xx_HAL_Driver/Inc/Legacy" -I"C:/WORK/Project/3_Plasma_RF_Generator/3_FirmWare/RF_GEN_Test/Drivers/CMSIS/Device/ST/STM32F0xx/Include" -I"C:/WORK/Project/3_Plasma_RF_Generator/3_FirmWare/RF_GEN_Test/Drivers/CMSIS/Include"  -O2 -g3 -Wall -fmessage-length=0 -ffunction-sections -c -fmessage-length=0 -MMD -MP -MF"Application/User/adc.d" -MT"Application/User/adc.o" -o "Application/User/adc.o" "C:/WORK/Project/3_Plasma_RF_Generator/3_FirmWare/RF_GEN_Test/Src/adc.c"
Finished building: C:/WORK/Project/3_Plasma_RF_Generator/3_FirmWare/RF_GEN_Test/Src/adc.c
 
Building file: C:/WORK/Project/3_Plasma_RF_Generator/3_FirmWare/RF_GEN_Test/Src/gpio.c
Invoking: MCU GCC Compiler
C:\WORK\Project\3_Plasma_RF_Generator\3_FirmWare\RF_GEN_Test\SW4STM32\RF-GEN_V1.0_20190429\Debug
arm-none-eabi-gcc -mcpu=cortex-m0 -mthumb -mfloat-abi=soft '-D__weak=__attribute__((weak))' '-D__packed=__attribute__((__packed__))' -DUSE_HAL_DRIVER -DSTM32F070xB -I"C:/WORK/Project/3_Plasma_RF_Generator/3_FirmWare/RF_GEN_Test/Inc" -I"C:/WORK/Project/3_Plasma_RF_Generator/3_FirmWare/RF_GEN_Test/Drivers/STM32F0xx_HAL_Driver/Inc" -I"C:/WORK/Project/3_Plasma_RF_Generator/3_FirmWare/RF_GEN_Test/Drivers/STM32F0xx_HAL_Driver/Inc/Legacy" -I"C:/WORK/Project/3_Plasma_RF_Generator/3_FirmWare/RF_GEN_Test/Drivers/CMSIS/Device/ST/STM32F0xx/Include" -I"C:/WORK/Project/3_Plasma_RF_Generator/3_FirmWare/RF_GEN_Test/Drivers/CMSIS/Include"  -O2 -g3 -Wall -fmessage-length=0 -ffunction-sections -c -fmessage-length=0 -MMD -MP -MF"Application/User/gpio.d" -MT"Application/User/gpio.o" -o "Application/User/gpio.o" "C:/WORK/Project/3_Plasma_RF_Generator/3_FirmWare/RF_GEN_Test/Src/gpio.c"
Finished building: C:/WORK/Project/3_Plasma_RF_Generator/3_FirmWare/RF_GEN_Test/Src/gpio.c
 
Building file: C:/WORK/Project/3_Plasma_RF_Generator/3_FirmWare/RF_GEN_Test/Src/i2c.c
Invoking: MCU GCC Compiler
C:\WORK\Project\3_Plasma_RF_Generator\3_FirmWare\RF_GEN_Test\SW4STM32\RF-GEN_V1.0_20190429\Debug
arm-none-eabi-gcc -mcpu=cortex-m0 -mthumb -mfloat-abi=soft '-D__weak=__attribute__((weak))' '-D__packed=__attribute__((__packed__))' -DUSE_HAL_DRIVER -DSTM32F070xB -I"C:/WORK/Project/3_Plasma_RF_Generator/3_FirmWare/RF_GEN_Test/Inc" -I"C:/WORK/Project/3_Plasma_RF_Generator/3_FirmWare/RF_GEN_Test/Drivers/STM32F0xx_HAL_Driver/Inc" -I"C:/WORK/Project/3_Plasma_RF_Generator/3_FirmWare/RF_GEN_Test/Drivers/STM32F0xx_HAL_Driver/Inc/Legacy" -I"C:/WORK/Project/3_Plasma_RF_Generator/3_FirmWare/RF_GEN_Test/Drivers/CMSIS/Device/ST/STM32F0xx/Include" -I"C:/WORK/Project/3_Plasma_RF_Generator/3_FirmWare/RF_GEN_Test/Drivers/CMSIS/Include"  -O2 -g3 -Wall -fmessage-length=0 -ffunction-sections -c -fmessage-length=0 -MMD -MP -MF"Application/User/i2c.d" -MT"Application/User/i2c.o" -o "Application/User/i2c.o" "C:/WORK/Project/3_Plasma_RF_Generator/3_FirmWare/RF_GEN_Test/Src/i2c.c"
Finished building: C:/WORK/Project/3_Plasma_RF_Generator/3_FirmWare/RF_GEN_Test/Src/i2c.c
 
Building file: C:/WORK/Project/3_Plasma_RF_Generator/3_FirmWare/RF_GEN_Test/Src/main.c
Invoking: MCU GCC Compiler
C:\WORK\Project\3_Plasma_RF_Generator\3_FirmWare\RF_GEN_Test\SW4STM32\RF-GEN_V1.0_20190429\Debug
arm-none-eabi-gcc -mcpu=cortex-m0 -mthumb -mfloat-abi=soft '-D__weak=__attribute__((weak))' '-D__packed=__attribute__((__packed__))' -DUSE_HAL_DRIVER -DSTM32F070xB -I"C:/WORK/Project/3_Plasma_RF_Generator/3_FirmWare/RF_GEN_Test/Inc" -I"C:/WORK/Project/3_Plasma_RF_Generator/3_FirmWare/RF_GEN_Test/Drivers/STM32F0xx_HAL_Driver/Inc" -I"C:/WORK/Project/3_Plasma_RF_Generator/3_FirmWare/RF_GEN_Test/Drivers/STM32F0xx_HAL_Driver/Inc/Legacy" -I"C:/WORK/Project/3_Plasma_RF_Generator/3_FirmWare/RF_GEN_Test/Drivers/CMSIS/Device/ST/STM32F0xx/Include" -I"C:/WORK/Project/3_Plasma_RF_Generator/3_FirmWare/RF_GEN_Test/Drivers/CMSIS/Include"  -O2 -g3 -Wall -fmessage-length=0 -ffunction-sections -c -fmessage-length=0 -MMD -MP -MF"Application/User/main.d" -MT"Application/User/main.o" -o "Application/User/main.o" "C:/WORK/Project/3_Plasma_RF_Generator/3_FirmWare/RF_GEN_Test/Src/main.c"
Finished building: C:/WORK/Project/3_Plasma_RF_Generator/3_FirmWare/RF_GEN_Test/Src/main.c
 
Building file: C:/WORK/Project/3_Plasma_RF_Generator/3_FirmWare/RF_GEN_Test/Src/stm32f0xx_hal_msp.c
Invoking: MCU GCC Compiler
C:\WORK\Project\3_Plasma_RF_Generator\3_FirmWare\RF_GEN_Test\SW4STM32\RF-GEN_V1.0_20190429\Debug
arm-none-eabi-gcc -mcpu=cortex-m0 -mthumb -mfloat-abi=soft '-D__weak=__attribute__((weak))' '-D__packed=__attribute__((__packed__))' -DUSE_HAL_DRIVER -DSTM32F070xB -I"C:/WORK/Project/3_Plasma_RF_Generator/3_FirmWare/RF_GEN_Test/Inc" -I"C:/WORK/Project/3_Plasma_RF_Generator/3_FirmWare/RF_GEN_Test/Drivers/STM32F0xx_HAL_Driver/Inc" -I"C:/WORK/Project/3_Plasma_RF_Generator/3_FirmWare/RF_GEN_Test/Drivers/STM32F0xx_HAL_Driver/Inc/Legacy" -I"C:/WORK/Project/3_Plasma_RF_Generator/3_FirmWare/RF_GEN_Test/Drivers/CMSIS/Device/ST/STM32F0xx/Include" -I"C:/WORK/Project/3_Plasma_RF_Generator/3_FirmWare/RF_GEN_Test/Drivers/CMSIS/Include"  -O2 -g3 -Wall -fmessage-length=0 -ffunction-sections -c -fmessage-length=0 -MMD -MP -MF"Application/User/stm32f0xx_hal_msp.d" -MT"Application/User/stm32f0xx_hal_msp.o" -o "Application/User/stm32f0xx_hal_msp.o" "C:/WORK/Project/3_Plasma_RF_Generator/3_FirmWare/RF_GEN_Test/Src/stm32f0xx_hal_msp.c"
Finished building: C:/WORK/Project/3_Plasma_RF_Generator/3_FirmWare/RF_GEN_Test/Src/stm32f0xx_hal_msp.c
 
Building file: C:/WORK/Project/3_Plasma_RF_Generator/3_FirmWare/RF_GEN_Test/Src/stm32f0xx_it.c
Invoking: MCU GCC Compiler
C:\WORK\Project\3_Plasma_RF_Generator\3_FirmWare\RF_GEN_Test\SW4STM32\RF-GEN_V1.0_20190429\Debug
arm-none-eabi-gcc -mcpu=cortex-m0 -mthumb -mfloat-abi=soft '-D__weak=__attribute__((weak))' '-D__packed=__attribute__((__packed__))' -DUSE_HAL_DRIVER -DSTM32F070xB -I"C:/WORK/Project/3_Plasma_RF_Generator/3_FirmWare/RF_GEN_Test/Inc" -I"C:/WORK/Project/3_Plasma_RF_Generator/3_FirmWare/RF_GEN_Test/Drivers/STM32F0xx_HAL_Driver/Inc" -I"C:/WORK/Project/3_Plasma_RF_Generator/3_FirmWare/RF_GEN_Test/Drivers/STM32F0xx_HAL_Driver/Inc/Legacy" -I"C:/WORK/Project/3_Plasma_RF_Generator/3_FirmWare/RF_GEN_Test/Drivers/CMSIS/Device/ST/STM32F0xx/Include" -I"C:/WORK/Project/3_Plasma_RF_Generator/3_FirmWare/RF_GEN_Test/Drivers/CMSIS/Include"  -O2 -g3 -Wall -fmessage-length=0 -ffunction-sections -c -fmessage-length=0 -MMD -MP -MF"Application/User/stm32f0xx_it.d" -MT"Application/User/stm32f0xx_it.o" -o "Application/User/stm32f0xx_it.o" "C:/WORK/Project/3_Plasma_RF_Generator/3_FirmWare/RF_GEN_Test/Src/stm32f0xx_it.c"
Finished building: C:/WORK/Project/3_Plasma_RF_Generator/3_FirmWare/RF_GEN_Test/Src/stm32f0xx_it.c
 
Building file: C:/WORK/Project/3_Plasma_RF_Generator/3_FirmWare/RF_GEN_Test/Src/tim.c
Invoking: MCU GCC Compiler
C:\WORK\Project\3_Plasma_RF_Generator\3_FirmWare\RF_GEN_Test\SW4STM32\RF-GEN_V1.0_20190429\Debug
arm-none-eabi-gcc -mcpu=cortex-m0 -mthumb -mfloat-abi=soft '-D__weak=__attribute__((weak))' '-D__packed=__attribute__((__packed__))' -DUSE_HAL_DRIVER -DSTM32F070xB -I"C:/WORK/Project/3_Plasma_RF_Generator/3_FirmWare/RF_GEN_Test/Inc" -I"C:/WORK/Project/3_Plasma_RF_Generator/3_FirmWare/RF_GEN_Test/Drivers/STM32F0xx_HAL_Driver/Inc" -I"C:/WORK/Project/3_Plasma_RF_Generator/3_FirmWare/RF_GEN_Test/Drivers/STM32F0xx_HAL_Driver/Inc/Legacy" -I"C:/WORK/Project/3_Plasma_RF_Generator/3_FirmWare/RF_GEN_Test/Drivers/CMSIS/Device/ST/STM32F0xx/Include" -I"C:/WORK/Project/3_Plasma_RF_Generator/3_FirmWare/RF_GEN_Test/Drivers/CMSIS/Include"  -O2 -g3 -Wall -fmessage-length=0 -ffunction-sections -c -fmessage-length=0 -MMD -MP -MF"Application/User/tim.d" -MT"Application/User/tim.o" -o "Application/User/tim.o" "C:/WORK/Project/3_Plasma_RF_Generator/3_FirmWare/RF_GEN_Test/Src/tim.c"
Finished building: C:/WORK/Project/3_Plasma_RF_Generator/3_FirmWare/RF_GEN_Test/Src/tim.c
 
Building file: C:/WORK/Project/3_Plasma_RF_Generator/3_FirmWare/RF_GEN_Test/Src/usart.c
Invoking: MCU GCC Compiler
C:\WORK\Project\3_Plasma_RF_Generator\3_FirmWare\RF_GEN_Test\SW4STM32\RF-GEN_V1.0_20190429\Debug
arm-none-eabi-gcc -mcpu=cortex-m0 -mthumb -mfloat-abi=soft '-D__weak=__attribute__((weak))' '-D__packed=__attribute__((__packed__))' -DUSE_HAL_DRIVER -DSTM32F070xB -I"C:/WORK/Project/3_Plasma_RF_Generator/3_FirmWare/RF_GEN_Test/Inc" -I"C:/WORK/Project/3_Plasma_RF_Generator/3_FirmWare/RF_GEN_Test/Drivers/STM32F0xx_HAL_Driver/Inc" -I"C:/WORK/Project/3_Plasma_RF_Generator/3_FirmWare/RF_GEN_Test/Drivers/STM32F0xx_HAL_Driver/Inc/Legacy" -I"C:/WORK/Project/3_Plasma_RF_Generator/3_FirmWare/RF_GEN_Test/Drivers/CMSIS/Device/ST/STM32F0xx/Include" -I"C:/WORK/Project/3_Plasma_RF_Generator/3_FirmWare/RF_GEN_Test/Drivers/CMSIS/Include"  -O2 -g3 -Wall -fmessage-length=0 -ffunction-sections -c -fmessage-length=0 -MMD -MP -MF"Application/User/usart.d" -MT"Application/User/usart.o" -o "Application/User/usart.o" "C:/WORK/Project/3_Plasma_RF_Generator/3_FirmWare/RF_GEN_Test/Src/usart.c"
Finished building: C:/WORK/Project/3_Plasma_RF_Generator/3_FirmWare/RF_GEN_Test/Src/usart.c
 
Building file: C:/WORK/Project/3_Plasma_RF_Generator/3_FirmWare/RF_GEN_Test/SW4STM32/startup_stm32f070xb.s
Invoking: MCU GCC Assembler
C:\WORK\Project\3_Plasma_RF_Generator\3_FirmWare\RF_GEN_Test\SW4STM32\RF-GEN_V1.0_20190429\Debug
arm-none-eabi-as -mcpu=cortex-m0 -mthumb -mfloat-abi=soft -g -o "Application/SW4STM32/startup_stm32f070xb.o" "C:/WORK/Project/3_Plasma_RF_Generator/3_FirmWare/RF_GEN_Test/SW4STM32/startup_stm32f070xb.s"
Finished building: C:/WORK/Project/3_Plasma_RF_Generator/3_FirmWare/RF_GEN_Test/SW4STM32/startup_stm32f070xb.s
 
Building file: C:/WORK/Project/3_Plasma_RF_Generator/3_FirmWare/RF_GEN_Test/SW4STM32/syscalls.c
Invoking: MCU GCC Compiler
C:\WORK\Project\3_Plasma_RF_Generator\3_FirmWare\RF_GEN_Test\SW4STM32\RF-GEN_V1.0_20190429\Debug
arm-none-eabi-gcc -mcpu=cortex-m0 -mthumb -mfloat-abi=soft '-D__weak=__attribute__((weak))' '-D__packed=__attribute__((__packed__))' -DUSE_HAL_DRIVER -DSTM32F070xB -I"C:/WORK/Project/3_Plasma_RF_Generator/3_FirmWare/RF_GEN_Test/Inc" -I"C:/WORK/Project/3_Plasma_RF_Generator/3_FirmWare/RF_GEN_Test/Drivers/STM32F0xx_HAL_Driver/Inc" -I"C:/WORK/Project/3_Plasma_RF_Generator/3_FirmWare/RF_GEN_Test/Drivers/STM32F0xx_HAL_Driver/Inc/Legacy" -I"C:/WORK/Project/3_Plasma_RF_Generator/3_FirmWare/RF_GEN_Test/Drivers/CMSIS/Device/ST/STM32F0xx/Include" -I"C:/WORK/Project/3_Plasma_RF_Generator/3_FirmWare/RF_GEN_Test/Drivers/CMSIS/Include"  -O2 -g3 -Wall -fmessage-length=0 -ffunction-sections -c -fmessage-length=0 -MMD -MP -MF"Application/SW4STM32/syscalls.d" -MT"Application/SW4STM32/syscalls.o" -o "Application/SW4STM32/syscalls.o" "C:/WORK/Project/3_Plasma_RF_Generator/3_FirmWare/RF_GEN_Test/SW4STM32/syscalls.c"
Finished building: C:/WORK/Project/3_Plasma_RF_Generator/3_FirmWare/RF_GEN_Test/SW4STM32/syscalls.c
 
Building target: RF-GEN_V1.0_20190429.elf
Invoking: MCU GCC Linker
arm-none-eabi-gcc -mcpu=cortex-m0 -mthumb -mfloat-abi=soft -specs=nosys.specs -specs=nano.specs -T"../STM32F070RBTx_FLASH.ld" -Wl,-Map=output.map -Wl,--gc-sections -o "RF-GEN_V1.0_20190429.elf" @"objects.list"   -lm
Finished building target: RF-GEN_V1.0_20190429.elf
 
make --no-print-directory post-build
Generating hex and Printing size information:
arm-none-eabi-objcopy -O ihex "RF-GEN_V1.0_20190429.elf" "RF-GEN_V1.0_20190429.hex"
arm-none-eabi-size "RF-GEN_V1.0_20190429.elf"
   text	   data	    bss	    dec	    hex	filename
  14460	     12	   2036	  16508	   407c	RF-GEN_V1.0_20190429.elf
 
21:11:17 **** Incremental Build of configuration Debug for project RF-GEN_V1.0_20190429 ****
make all 
make: Nothing to be done for 'all'.
21:18:54 **** Incremental Build of configuration Debug for project RF-GEN_V1.0_20190429 ****
make all 
Building file: C:/WORK/Project/3_Plasma_RF_Generator/3_FirmWare/RF_GEN_Test/Src/gpio.c
Invoking: MCU GCC Compiler
C:\WORK\Project\3_Plasma_RF_Generator\3_FirmWare\RF_GEN_Test\SW4STM32\RF-GEN_V1.0_20190429\Debug
arm-none-eabi-gcc -mcpu=cortex-m0 -mthumb -mfloat-abi=soft '-D__weak=__attribute__((weak))' '-D__packed=__attribute__((__packed__))' -DUSE_HAL_DRIVER -DSTM32F070xB -I"C:/WORK/Project/3_Plasma_RF_Generator/3_FirmWare/RF_GEN_Test/Inc" -I"C:/WORK/Project/3_Plasma_RF_Generator/3_FirmWare/RF_GEN_Test/Drivers/STM32F0xx_HAL_Driver/Inc" -I"C:/WORK/Project/3_Plasma_RF_Generator/3_FirmWare/RF_GEN_Test/Drivers/STM32F0xx_HAL_Driver/Inc/Legacy" -I"C:/WORK/Project/3_Plasma_RF_Generator/3_FirmWare/RF_GEN_Test/Drivers/CMSIS/Device/ST/STM32F0xx/Include" -I"C:/WORK/Project/3_Plasma_RF_Generator/3_FirmWare/RF_GEN_Test/Drivers/CMSIS/Include"  -O2 -g3 -Wall -fmessage-length=0 -ffunction-sections -c -fmessage-length=0 -MMD -MP -MF"Application/User/gpio.d" -MT"Application/User/gpio.o" -o "Application/User/gpio.o" "C:/WORK/Project/3_Plasma_RF_Generator/3_FirmWare/RF_GEN_Test/Src/gpio.c"
Finished building: C:/WORK/Project/3_Plasma_RF_Generator/3_FirmWare/RF_GEN_Test/Src/gpio.c
 
Building target: RF-GEN_V1.0_20190429.elf
Invoking: MCU GCC Linker
arm-none-eabi-gcc -mcpu=cortex-m0 -mthumb -mfloat-abi=soft -specs=nosys.specs -specs=nano.specs -T"../STM32F070RBTx_FLASH.ld" -Wl,-Map=output.map -Wl,--gc-sections -o "RF-GEN_V1.0_20190429.elf" @"objects.list"   -lm
Finished building target: RF-GEN_V1.0_20190429.elf
 
make --no-print-directory post-build
Generating hex and Printing size information:
arm-none-eabi-objcopy -O ihex "RF-GEN_V1.0_20190429.elf" "RF-GEN_V1.0_20190429.hex"
arm-none-eabi-size "RF-GEN_V1.0_20190429.elf"
   text	   data	    bss	    dec	    hex	filename
  14460	     12	   2036	  16508	   407c	RF-GEN_V1.0_20190429.elf
 
21:22:23 **** Incremental Build of configuration Debug for project RF-GEN_V1.0_20190429 ****
make all 
Building file: C:/WORK/Project/3_Plasma_RF_Generator/3_FirmWare/RF_GEN_Test/Src/gpio.c
Invoking: MCU GCC Compiler
C:\WORK\Project\3_Plasma_RF_Generator\3_FirmWare\RF_GEN_Test\SW4STM32\RF-GEN_V1.0_20190429\Debug
arm-none-eabi-gcc -mcpu=cortex-m0 -mthumb -mfloat-abi=soft '-D__weak=__attribute__((weak))' '-D__packed=__attribute__((__packed__))' -DUSE_HAL_DRIVER -DSTM32F070xB -I"C:/WORK/Project/3_Plasma_RF_Generator/3_FirmWare/RF_GEN_Test/Inc" -I"C:/WORK/Project/3_Plasma_RF_Generator/3_FirmWare/RF_GEN_Test/Drivers/STM32F0xx_HAL_Driver/Inc" -I"C:/WORK/Project/3_Plasma_RF_Generator/3_FirmWare/RF_GEN_Test/Drivers/STM32F0xx_HAL_Driver/Inc/Legacy" -I"C:/WORK/Project/3_Plasma_RF_Generator/3_FirmWare/RF_GEN_Test/Drivers/CMSIS/Device/ST/STM32F0xx/Include" -I"C:/WORK/Project/3_Plasma_RF_Generator/3_FirmWare/RF_GEN_Test/Drivers/CMSIS/Include"  -O2 -g3 -Wall -fmessage-length=0 -ffunction-sections -c -fmessage-length=0 -MMD -MP -MF"Application/User/gpio.d" -MT"Application/User/gpio.o" -o "Application/User/gpio.o" "C:/WORK/Project/3_Plasma_RF_Generator/3_FirmWare/RF_GEN_Test/Src/gpio.c"
Finished building: C:/WORK/Project/3_Plasma_RF_Generator/3_FirmWare/RF_GEN_Test/Src/gpio.c
 
Building target: RF-GEN_V1.0_20190429.elf
Invoking: MCU GCC Linker
arm-none-eabi-gcc -mcpu=cortex-m0 -mthumb -mfloat-abi=soft -specs=nosys.specs -specs=nano.specs -T"../STM32F070RBTx_FLASH.ld" -Wl,-Map=output.map -Wl,--gc-sections -o "RF-GEN_V1.0_20190429.elf" @"objects.list"   -lm
Finished building target: RF-GEN_V1.0_20190429.elf
 
make --no-print-directory post-build
Generating hex and Printing size information:
arm-none-eabi-objcopy -O ihex "RF-GEN_V1.0_20190429.elf" "RF-GEN_V1.0_20190429.hex"
arm-none-eabi-size "RF-GEN_V1.0_20190429.elf"
   text	   data	    bss	    dec	    hex	filename
  14460	     12	   2036	  16508	   407c	RF-GEN_V1.0_20190429.elf
 
21:26:29 **** Incremental Build of configuration Debug for project RF-GEN_V1.0_20190429 ****
make all 
Building file: C:/WORK/Project/3_Plasma_RF_Generator/3_FirmWare/RF_GEN_Test/Drivers/STM32F0xx_HAL_Driver/Src/stm32f0xx_hal.c
Invoking: MCU GCC Compiler
C:\WORK\Project\3_Plasma_RF_Generator\3_FirmWare\RF_GEN_Test\SW4STM32\RF-GEN_V1.0_20190429\Debug
arm-none-eabi-gcc -mcpu=cortex-m0 -mthumb -mfloat-abi=soft '-D__weak=__attribute__((weak))' '-D__packed=__attribute__((__packed__))' -DUSE_HAL_DRIVER -DSTM32F070xB -I"C:/WORK/Project/3_Plasma_RF_Generator/3_FirmWare/RF_GEN_Test/Inc" -I"C:/WORK/Project/3_Plasma_RF_Generator/3_FirmWare/RF_GEN_Test/Drivers/STM32F0xx_HAL_Driver/Inc" -I"C:/WORK/Project/3_Plasma_RF_Generator/3_FirmWare/RF_GEN_Test/Drivers/STM32F0xx_HAL_Driver/Inc/Legacy" -I"C:/WORK/Project/3_Plasma_RF_Generator/3_FirmWare/RF_GEN_Test/Drivers/CMSIS/Device/ST/STM32F0xx/Include" -I"C:/WORK/Project/3_Plasma_RF_Generator/3_FirmWare/RF_GEN_Test/Drivers/CMSIS/Include"  -O2 -g3 -Wall -fmessage-length=0 -ffunction-sections -c -fmessage-length=0 -MMD -MP -MF"Drivers/STM32F0xx_HAL_Driver/stm32f0xx_hal.d" -MT"Drivers/STM32F0xx_HAL_Driver/stm32f0xx_hal.o" -o "Drivers/STM32F0xx_HAL_Driver/stm32f0xx_hal.o" "C:/WORK/Project/3_Plasma_RF_Generator/3_FirmWare/RF_GEN_Test/Drivers/STM32F0xx_HAL_Driver/Src/stm32f0xx_hal.c"
Finished building: C:/WORK/Project/3_Plasma_RF_Generator/3_FirmWare/RF_GEN_Test/Drivers/STM32F0xx_HAL_Driver/Src/stm32f0xx_hal.c
 
Building file: C:/WORK/Project/3_Plasma_RF_Generator/3_FirmWare/RF_GEN_Test/Drivers/STM32F0xx_HAL_Driver/Src/stm32f0xx_hal_adc.c
Invoking: MCU GCC Compiler
C:\WORK\Project\3_Plasma_RF_Generator\3_FirmWare\RF_GEN_Test\SW4STM32\RF-GEN_V1.0_20190429\Debug
arm-none-eabi-gcc -mcpu=cortex-m0 -mthumb -mfloat-abi=soft '-D__weak=__attribute__((weak))' '-D__packed=__attribute__((__packed__))' -DUSE_HAL_DRIVER -DSTM32F070xB -I"C:/WORK/Project/3_Plasma_RF_Generator/3_FirmWare/RF_GEN_Test/Inc" -I"C:/WORK/Project/3_Plasma_RF_Generator/3_FirmWare/RF_GEN_Test/Drivers/STM32F0xx_HAL_Driver/Inc" -I"C:/WORK/Project/3_Plasma_RF_Generator/3_FirmWare/RF_GEN_Test/Drivers/STM32F0xx_HAL_Driver/Inc/Legacy" -I"C:/WORK/Project/3_Plasma_RF_Generator/3_FirmWare/RF_GEN_Test/Drivers/CMSIS/Device/ST/STM32F0xx/Include" -I"C:/WORK/Project/3_Plasma_RF_Generator/3_FirmWare/RF_GEN_Test/Drivers/CMSIS/Include"  -O2 -g3 -Wall -fmessage-length=0 -ffunction-sections -c -fmessage-length=0 -MMD -MP -MF"Drivers/STM32F0xx_HAL_Driver/stm32f0xx_hal_adc.d" -MT"Drivers/STM32F0xx_HAL_Driver/stm32f0xx_hal_adc.o" -o "Drivers/STM32F0xx_HAL_Driver/stm32f0xx_hal_adc.o" "C:/WORK/Project/3_Plasma_RF_Generator/3_FirmWare/RF_GEN_Test/Drivers/STM32F0xx_HAL_Driver/Src/stm32f0xx_hal_adc.c"
Finished building: C:/WORK/Project/3_Plasma_RF_Generator/3_FirmWare/RF_GEN_Test/Drivers/STM32F0xx_HAL_Driver/Src/stm32f0xx_hal_adc.c
 
Building file: C:/WORK/Project/3_Plasma_RF_Generator/3_FirmWare/RF_GEN_Test/Drivers/STM32F0xx_HAL_Driver/Src/stm32f0xx_hal_adc_ex.c
Invoking: MCU GCC Compiler
C:\WORK\Project\3_Plasma_RF_Generator\3_FirmWare\RF_GEN_Test\SW4STM32\RF-GEN_V1.0_20190429\Debug
arm-none-eabi-gcc -mcpu=cortex-m0 -mthumb -mfloat-abi=soft '-D__weak=__attribute__((weak))' '-D__packed=__attribute__((__packed__))' -DUSE_HAL_DRIVER -DSTM32F070xB -I"C:/WORK/Project/3_Plasma_RF_Generator/3_FirmWare/RF_GEN_Test/Inc" -I"C:/WORK/Project/3_Plasma_RF_Generator/3_FirmWare/RF_GEN_Test/Drivers/STM32F0xx_HAL_Driver/Inc" -I"C:/WORK/Project/3_Plasma_RF_Generator/3_FirmWare/RF_GEN_Test/Drivers/STM32F0xx_HAL_Driver/Inc/Legacy" -I"C:/WORK/Project/3_Plasma_RF_Generator/3_FirmWare/RF_GEN_Test/Drivers/CMSIS/Device/ST/STM32F0xx/Include" -I"C:/WORK/Project/3_Plasma_RF_Generator/3_FirmWare/RF_GEN_Test/Drivers/CMSIS/Include"  -O2 -g3 -Wall -fmessage-length=0 -ffunction-sections -c -fmessage-length=0 -MMD -MP -MF"Drivers/STM32F0xx_HAL_Driver/stm32f0xx_hal_adc_ex.d" -MT"Drivers/STM32F0xx_HAL_Driver/stm32f0xx_hal_adc_ex.o" -o "Drivers/STM32F0xx_HAL_Driver/stm32f0xx_hal_adc_ex.o" "C:/WORK/Project/3_Plasma_RF_Generator/3_FirmWare/RF_GEN_Test/Drivers/STM32F0xx_HAL_Driver/Src/stm32f0xx_hal_adc_ex.c"
Finished building: C:/WORK/Project/3_Plasma_RF_Generator/3_FirmWare/RF_GEN_Test/Drivers/STM32F0xx_HAL_Driver/Src/stm32f0xx_hal_adc_ex.c
 
Building file: C:/WORK/Project/3_Plasma_RF_Generator/3_FirmWare/RF_GEN_Test/Drivers/STM32F0xx_HAL_Driver/Src/stm32f0xx_hal_cortex.c
Invoking: MCU GCC Compiler
C:\WORK\Project\3_Plasma_RF_Generator\3_FirmWare\RF_GEN_Test\SW4STM32\RF-GEN_V1.0_20190429\Debug
arm-none-eabi-gcc -mcpu=cortex-m0 -mthumb -mfloat-abi=soft '-D__weak=__attribute__((weak))' '-D__packed=__attribute__((__packed__))' -DUSE_HAL_DRIVER -DSTM32F070xB -I"C:/WORK/Project/3_Plasma_RF_Generator/3_FirmWare/RF_GEN_Test/Inc" -I"C:/WORK/Project/3_Plasma_RF_Generator/3_FirmWare/RF_GEN_Test/Drivers/STM32F0xx_HAL_Driver/Inc" -I"C:/WORK/Project/3_Plasma_RF_Generator/3_FirmWare/RF_GEN_Test/Drivers/STM32F0xx_HAL_Driver/Inc/Legacy" -I"C:/WORK/Project/3_Plasma_RF_Generator/3_FirmWare/RF_GEN_Test/Drivers/CMSIS/Device/ST/STM32F0xx/Include" -I"C:/WORK/Project/3_Plasma_RF_Generator/3_FirmWare/RF_GEN_Test/Drivers/CMSIS/Include"  -O2 -g3 -Wall -fmessage-length=0 -ffunction-sections -c -fmessage-length=0 -MMD -MP -MF"Drivers/STM32F0xx_HAL_Driver/stm32f0xx_hal_cortex.d" -MT"Drivers/STM32F0xx_HAL_Driver/stm32f0xx_hal_cortex.o" -o "Drivers/STM32F0xx_HAL_Driver/stm32f0xx_hal_cortex.o" "C:/WORK/Project/3_Plasma_RF_Generator/3_FirmWare/RF_GEN_Test/Drivers/STM32F0xx_HAL_Driver/Src/stm32f0xx_hal_cortex.c"
Finished building: C:/WORK/Project/3_Plasma_RF_Generator/3_FirmWare/RF_GEN_Test/Drivers/STM32F0xx_HAL_Driver/Src/stm32f0xx_hal_cortex.c
 
Building file: C:/WORK/Project/3_Plasma_RF_Generator/3_FirmWare/RF_GEN_Test/Drivers/STM32F0xx_HAL_Driver/Src/stm32f0xx_hal_dma.c
Invoking: MCU GCC Compiler
C:\WORK\Project\3_Plasma_RF_Generator\3_FirmWare\RF_GEN_Test\SW4STM32\RF-GEN_V1.0_20190429\Debug
arm-none-eabi-gcc -mcpu=cortex-m0 -mthumb -mfloat-abi=soft '-D__weak=__attribute__((weak))' '-D__packed=__attribute__((__packed__))' -DUSE_HAL_DRIVER -DSTM32F070xB -I"C:/WORK/Project/3_Plasma_RF_Generator/3_FirmWare/RF_GEN_Test/Inc" -I"C:/WORK/Project/3_Plasma_RF_Generator/3_FirmWare/RF_GEN_Test/Drivers/STM32F0xx_HAL_Driver/Inc" -I"C:/WORK/Project/3_Plasma_RF_Generator/3_FirmWare/RF_GEN_Test/Drivers/STM32F0xx_HAL_Driver/Inc/Legacy" -I"C:/WORK/Project/3_Plasma_RF_Generator/3_FirmWare/RF_GEN_Test/Drivers/CMSIS/Device/ST/STM32F0xx/Include" -I"C:/WORK/Project/3_Plasma_RF_Generator/3_FirmWare/RF_GEN_Test/Drivers/CMSIS/Include"  -O2 -g3 -Wall -fmessage-length=0 -ffunction-sections -c -fmessage-length=0 -MMD -MP -MF"Drivers/STM32F0xx_HAL_Driver/stm32f0xx_hal_dma.d" -MT"Drivers/STM32F0xx_HAL_Driver/stm32f0xx_hal_dma.o" -o "Drivers/STM32F0xx_HAL_Driver/stm32f0xx_hal_dma.o" "C:/WORK/Project/3_Plasma_RF_Generator/3_FirmWare/RF_GEN_Test/Drivers/STM32F0xx_HAL_Driver/Src/stm32f0xx_hal_dma.c"
Finished building: C:/WORK/Project/3_Plasma_RF_Generator/3_FirmWare/RF_GEN_Test/Drivers/STM32F0xx_HAL_Driver/Src/stm32f0xx_hal_dma.c
 
Building file: C:/WORK/Project/3_Plasma_RF_Generator/3_FirmWare/RF_GEN_Test/Drivers/STM32F0xx_HAL_Driver/Src/stm32f0xx_hal_flash.c
Invoking: MCU GCC Compiler
C:\WORK\Project\3_Plasma_RF_Generator\3_FirmWare\RF_GEN_Test\SW4STM32\RF-GEN_V1.0_20190429\Debug
arm-none-eabi-gcc -mcpu=cortex-m0 -mthumb -mfloat-abi=soft '-D__weak=__attribute__((weak))' '-D__packed=__attribute__((__packed__))' -DUSE_HAL_DRIVER -DSTM32F070xB -I"C:/WORK/Project/3_Plasma_RF_Generator/3_FirmWare/RF_GEN_Test/Inc" -I"C:/WORK/Project/3_Plasma_RF_Generator/3_FirmWare/RF_GEN_Test/Drivers/STM32F0xx_HAL_Driver/Inc" -I"C:/WORK/Project/3_Plasma_RF_Generator/3_FirmWare/RF_GEN_Test/Drivers/STM32F0xx_HAL_Driver/Inc/Legacy" -I"C:/WORK/Project/3_Plasma_RF_Generator/3_FirmWare/RF_GEN_Test/Drivers/CMSIS/Device/ST/STM32F0xx/Include" -I"C:/WORK/Project/3_Plasma_RF_Generator/3_FirmWare/RF_GEN_Test/Drivers/CMSIS/Include"  -O2 -g3 -Wall -fmessage-length=0 -ffunction-sections -c -fmessage-length=0 -MMD -MP -MF"Drivers/STM32F0xx_HAL_Driver/stm32f0xx_hal_flash.d" -MT"Drivers/STM32F0xx_HAL_Driver/stm32f0xx_hal_flash.o" -o "Drivers/STM32F0xx_HAL_Driver/stm32f0xx_hal_flash.o" "C:/WORK/Project/3_Plasma_RF_Generator/3_FirmWare/RF_GEN_Test/Drivers/STM32F0xx_HAL_Driver/Src/stm32f0xx_hal_flash.c"
Finished building: C:/WORK/Project/3_Plasma_RF_Generator/3_FirmWare/RF_GEN_Test/Drivers/STM32F0xx_HAL_Driver/Src/stm32f0xx_hal_flash.c
 
Building file: C:/WORK/Project/3_Plasma_RF_Generator/3_FirmWare/RF_GEN_Test/Drivers/STM32F0xx_HAL_Driver/Src/stm32f0xx_hal_flash_ex.c
Invoking: MCU GCC Compiler
C:\WORK\Project\3_Plasma_RF_Generator\3_FirmWare\RF_GEN_Test\SW4STM32\RF-GEN_V1.0_20190429\Debug
arm-none-eabi-gcc -mcpu=cortex-m0 -mthumb -mfloat-abi=soft '-D__weak=__attribute__((weak))' '-D__packed=__attribute__((__packed__))' -DUSE_HAL_DRIVER -DSTM32F070xB -I"C:/WORK/Project/3_Plasma_RF_Generator/3_FirmWare/RF_GEN_Test/Inc" -I"C:/WORK/Project/3_Plasma_RF_Generator/3_FirmWare/RF_GEN_Test/Drivers/STM32F0xx_HAL_Driver/Inc" -I"C:/WORK/Project/3_Plasma_RF_Generator/3_FirmWare/RF_GEN_Test/Drivers/STM32F0xx_HAL_Driver/Inc/Legacy" -I"C:/WORK/Project/3_Plasma_RF_Generator/3_FirmWare/RF_GEN_Test/Drivers/CMSIS/Device/ST/STM32F0xx/Include" -I"C:/WORK/Project/3_Plasma_RF_Generator/3_FirmWare/RF_GEN_Test/Drivers/CMSIS/Include"  -O2 -g3 -Wall -fmessage-length=0 -ffunction-sections -c -fmessage-length=0 -MMD -MP -MF"Drivers/STM32F0xx_HAL_Driver/stm32f0xx_hal_flash_ex.d" -MT"Drivers/STM32F0xx_HAL_Driver/stm32f0xx_hal_flash_ex.o" -o "Drivers/STM32F0xx_HAL_Driver/stm32f0xx_hal_flash_ex.o" "C:/WORK/Project/3_Plasma_RF_Generator/3_FirmWare/RF_GEN_Test/Drivers/STM32F0xx_HAL_Driver/Src/stm32f0xx_hal_flash_ex.c"
Finished building: C:/WORK/Project/3_Plasma_RF_Generator/3_FirmWare/RF_GEN_Test/Drivers/STM32F0xx_HAL_Driver/Src/stm32f0xx_hal_flash_ex.c
 
Building file: C:/WORK/Project/3_Plasma_RF_Generator/3_FirmWare/RF_GEN_Test/Drivers/STM32F0xx_HAL_Driver/Src/stm32f0xx_hal_gpio.c
Invoking: MCU GCC Compiler
C:\WORK\Project\3_Plasma_RF_Generator\3_FirmWare\RF_GEN_Test\SW4STM32\RF-GEN_V1.0_20190429\Debug
arm-none-eabi-gcc -mcpu=cortex-m0 -mthumb -mfloat-abi=soft '-D__weak=__attribute__((weak))' '-D__packed=__attribute__((__packed__))' -DUSE_HAL_DRIVER -DSTM32F070xB -I"C:/WORK/Project/3_Plasma_RF_Generator/3_FirmWare/RF_GEN_Test/Inc" -I"C:/WORK/Project/3_Plasma_RF_Generator/3_FirmWare/RF_GEN_Test/Drivers/STM32F0xx_HAL_Driver/Inc" -I"C:/WORK/Project/3_Plasma_RF_Generator/3_FirmWare/RF_GEN_Test/Drivers/STM32F0xx_HAL_Driver/Inc/Legacy" -I"C:/WORK/Project/3_Plasma_RF_Generator/3_FirmWare/RF_GEN_Test/Drivers/CMSIS/Device/ST/STM32F0xx/Include" -I"C:/WORK/Project/3_Plasma_RF_Generator/3_FirmWare/RF_GEN_Test/Drivers/CMSIS/Include"  -O2 -g3 -Wall -fmessage-length=0 -ffunction-sections -c -fmessage-length=0 -MMD -MP -MF"Drivers/STM32F0xx_HAL_Driver/stm32f0xx_hal_gpio.d" -MT"Drivers/STM32F0xx_HAL_Driver/stm32f0xx_hal_gpio.o" -o "Drivers/STM32F0xx_HAL_Driver/stm32f0xx_hal_gpio.o" "C:/WORK/Project/3_Plasma_RF_Generator/3_FirmWare/RF_GEN_Test/Drivers/STM32F0xx_HAL_Driver/Src/stm32f0xx_hal_gpio.c"
Finished building: C:/WORK/Project/3_Plasma_RF_Generator/3_FirmWare/RF_GEN_Test/Drivers/STM32F0xx_HAL_Driver/Src/stm32f0xx_hal_gpio.c
 
Building file: C:/WORK/Project/3_Plasma_RF_Generator/3_FirmWare/RF_GEN_Test/Drivers/STM32F0xx_HAL_Driver/Src/stm32f0xx_hal_i2c.c
Invoking: MCU GCC Compiler
C:\WORK\Project\3_Plasma_RF_Generator\3_FirmWare\RF_GEN_Test\SW4STM32\RF-GEN_V1.0_20190429\Debug
arm-none-eabi-gcc -mcpu=cortex-m0 -mthumb -mfloat-abi=soft '-D__weak=__attribute__((weak))' '-D__packed=__attribute__((__packed__))' -DUSE_HAL_DRIVER -DSTM32F070xB -I"C:/WORK/Project/3_Plasma_RF_Generator/3_FirmWare/RF_GEN_Test/Inc" -I"C:/WORK/Project/3_Plasma_RF_Generator/3_FirmWare/RF_GEN_Test/Drivers/STM32F0xx_HAL_Driver/Inc" -I"C:/WORK/Project/3_Plasma_RF_Generator/3_FirmWare/RF_GEN_Test/Drivers/STM32F0xx_HAL_Driver/Inc/Legacy" -I"C:/WORK/Project/3_Plasma_RF_Generator/3_FirmWare/RF_GEN_Test/Drivers/CMSIS/Device/ST/STM32F0xx/Include" -I"C:/WORK/Project/3_Plasma_RF_Generator/3_FirmWare/RF_GEN_Test/Drivers/CMSIS/Include"  -O2 -g3 -Wall -fmessage-length=0 -ffunction-sections -c -fmessage-length=0 -MMD -MP -MF"Drivers/STM32F0xx_HAL_Driver/stm32f0xx_hal_i2c.d" -MT"Drivers/STM32F0xx_HAL_Driver/stm32f0xx_hal_i2c.o" -o "Drivers/STM32F0xx_HAL_Driver/stm32f0xx_hal_i2c.o" "C:/WORK/Project/3_Plasma_RF_Generator/3_FirmWare/RF_GEN_Test/Drivers/STM32F0xx_HAL_Driver/Src/stm32f0xx_hal_i2c.c"
Finished building: C:/WORK/Project/3_Plasma_RF_Generator/3_FirmWare/RF_GEN_Test/Drivers/STM32F0xx_HAL_Driver/Src/stm32f0xx_hal_i2c.c
 
Building file: C:/WORK/Project/3_Plasma_RF_Generator/3_FirmWare/RF_GEN_Test/Drivers/STM32F0xx_HAL_Driver/Src/stm32f0xx_hal_i2c_ex.c
Invoking: MCU GCC Compiler
C:\WORK\Project\3_Plasma_RF_Generator\3_FirmWare\RF_GEN_Test\SW4STM32\RF-GEN_V1.0_20190429\Debug
arm-none-eabi-gcc -mcpu=cortex-m0 -mthumb -mfloat-abi=soft '-D__weak=__attribute__((weak))' '-D__packed=__attribute__((__packed__))' -DUSE_HAL_DRIVER -DSTM32F070xB -I"C:/WORK/Project/3_Plasma_RF_Generator/3_FirmWare/RF_GEN_Test/Inc" -I"C:/WORK/Project/3_Plasma_RF_Generator/3_FirmWare/RF_GEN_Test/Drivers/STM32F0xx_HAL_Driver/Inc" -I"C:/WORK/Project/3_Plasma_RF_Generator/3_FirmWare/RF_GEN_Test/Drivers/STM32F0xx_HAL_Driver/Inc/Legacy" -I"C:/WORK/Project/3_Plasma_RF_Generator/3_FirmWare/RF_GEN_Test/Drivers/CMSIS/Device/ST/STM32F0xx/Include" -I"C:/WORK/Project/3_Plasma_RF_Generator/3_FirmWare/RF_GEN_Test/Drivers/CMSIS/Include"  -O2 -g3 -Wall -fmessage-length=0 -ffunction-sections -c -fmessage-length=0 -MMD -MP -MF"Drivers/STM32F0xx_HAL_Driver/stm32f0xx_hal_i2c_ex.d" -MT"Drivers/STM32F0xx_HAL_Driver/stm32f0xx_hal_i2c_ex.o" -o "Drivers/STM32F0xx_HAL_Driver/stm32f0xx_hal_i2c_ex.o" "C:/WORK/Project/3_Plasma_RF_Generator/3_FirmWare/RF_GEN_Test/Drivers/STM32F0xx_HAL_Driver/Src/stm32f0xx_hal_i2c_ex.c"
Finished building: C:/WORK/Project/3_Plasma_RF_Generator/3_FirmWare/RF_GEN_Test/Drivers/STM32F0xx_HAL_Driver/Src/stm32f0xx_hal_i2c_ex.c
 
Building file: C:/WORK/Project/3_Plasma_RF_Generator/3_FirmWare/RF_GEN_Test/Drivers/STM32F0xx_HAL_Driver/Src/stm32f0xx_hal_pwr.c
Invoking: MCU GCC Compiler
C:\WORK\Project\3_Plasma_RF_Generator\3_FirmWare\RF_GEN_Test\SW4STM32\RF-GEN_V1.0_20190429\Debug
arm-none-eabi-gcc -mcpu=cortex-m0 -mthumb -mfloat-abi=soft '-D__weak=__attribute__((weak))' '-D__packed=__attribute__((__packed__))' -DUSE_HAL_DRIVER -DSTM32F070xB -I"C:/WORK/Project/3_Plasma_RF_Generator/3_FirmWare/RF_GEN_Test/Inc" -I"C:/WORK/Project/3_Plasma_RF_Generator/3_FirmWare/RF_GEN_Test/Drivers/STM32F0xx_HAL_Driver/Inc" -I"C:/WORK/Project/3_Plasma_RF_Generator/3_FirmWare/RF_GEN_Test/Drivers/STM32F0xx_HAL_Driver/Inc/Legacy" -I"C:/WORK/Project/3_Plasma_RF_Generator/3_FirmWare/RF_GEN_Test/Drivers/CMSIS/Device/ST/STM32F0xx/Include" -I"C:/WORK/Project/3_Plasma_RF_Generator/3_FirmWare/RF_GEN_Test/Drivers/CMSIS/Include"  -O2 -g3 -Wall -fmessage-length=0 -ffunction-sections -c -fmessage-length=0 -MMD -MP -MF"Drivers/STM32F0xx_HAL_Driver/stm32f0xx_hal_pwr.d" -MT"Drivers/STM32F0xx_HAL_Driver/stm32f0xx_hal_pwr.o" -o "Drivers/STM32F0xx_HAL_Driver/stm32f0xx_hal_pwr.o" "C:/WORK/Project/3_Plasma_RF_Generator/3_FirmWare/RF_GEN_Test/Drivers/STM32F0xx_HAL_Driver/Src/stm32f0xx_hal_pwr.c"
Finished building: C:/WORK/Project/3_Plasma_RF_Generator/3_FirmWare/RF_GEN_Test/Drivers/STM32F0xx_HAL_Driver/Src/stm32f0xx_hal_pwr.c
 
Building file: C:/WORK/Project/3_Plasma_RF_Generator/3_FirmWare/RF_GEN_Test/Drivers/STM32F0xx_HAL_Driver/Src/stm32f0xx_hal_pwr_ex.c
Invoking: MCU GCC Compiler
C:\WORK\Project\3_Plasma_RF_Generator\3_FirmWare\RF_GEN_Test\SW4STM32\RF-GEN_V1.0_20190429\Debug
arm-none-eabi-gcc -mcpu=cortex-m0 -mthumb -mfloat-abi=soft '-D__weak=__attribute__((weak))' '-D__packed=__attribute__((__packed__))' -DUSE_HAL_DRIVER -DSTM32F070xB -I"C:/WORK/Project/3_Plasma_RF_Generator/3_FirmWare/RF_GEN_Test/Inc" -I"C:/WORK/Project/3_Plasma_RF_Generator/3_FirmWare/RF_GEN_Test/Drivers/STM32F0xx_HAL_Driver/Inc" -I"C:/WORK/Project/3_Plasma_RF_Generator/3_FirmWare/RF_GEN_Test/Drivers/STM32F0xx_HAL_Driver/Inc/Legacy" -I"C:/WORK/Project/3_Plasma_RF_Generator/3_FirmWare/RF_GEN_Test/Drivers/CMSIS/Device/ST/STM32F0xx/Include" -I"C:/WORK/Project/3_Plasma_RF_Generator/3_FirmWare/RF_GEN_Test/Drivers/CMSIS/Include"  -O2 -g3 -Wall -fmessage-length=0 -ffunction-sections -c -fmessage-length=0 -MMD -MP -MF"Drivers/STM32F0xx_HAL_Driver/stm32f0xx_hal_pwr_ex.d" -MT"Drivers/STM32F0xx_HAL_Driver/stm32f0xx_hal_pwr_ex.o" -o "Drivers/STM32F0xx_HAL_Driver/stm32f0xx_hal_pwr_ex.o" "C:/WORK/Project/3_Plasma_RF_Generator/3_FirmWare/RF_GEN_Test/Drivers/STM32F0xx_HAL_Driver/Src/stm32f0xx_hal_pwr_ex.c"
Finished building: C:/WORK/Project/3_Plasma_RF_Generator/3_FirmWare/RF_GEN_Test/Drivers/STM32F0xx_HAL_Driver/Src/stm32f0xx_hal_pwr_ex.c
 
Building file: C:/WORK/Project/3_Plasma_RF_Generator/3_FirmWare/RF_GEN_Test/Drivers/STM32F0xx_HAL_Driver/Src/stm32f0xx_hal_rcc.c
Invoking: MCU GCC Compiler
C:\WORK\Project\3_Plasma_RF_Generator\3_FirmWare\RF_GEN_Test\SW4STM32\RF-GEN_V1.0_20190429\Debug
arm-none-eabi-gcc -mcpu=cortex-m0 -mthumb -mfloat-abi=soft '-D__weak=__attribute__((weak))' '-D__packed=__attribute__((__packed__))' -DUSE_HAL_DRIVER -DSTM32F070xB -I"C:/WORK/Project/3_Plasma_RF_Generator/3_FirmWare/RF_GEN_Test/Inc" -I"C:/WORK/Project/3_Plasma_RF_Generator/3_FirmWare/RF_GEN_Test/Drivers/STM32F0xx_HAL_Driver/Inc" -I"C:/WORK/Project/3_Plasma_RF_Generator/3_FirmWare/RF_GEN_Test/Drivers/STM32F0xx_HAL_Driver/Inc/Legacy" -I"C:/WORK/Project/3_Plasma_RF_Generator/3_FirmWare/RF_GEN_Test/Drivers/CMSIS/Device/ST/STM32F0xx/Include" -I"C:/WORK/Project/3_Plasma_RF_Generator/3_FirmWare/RF_GEN_Test/Drivers/CMSIS/Include"  -O2 -g3 -Wall -fmessage-length=0 -ffunction-sections -c -fmessage-length=0 -MMD -MP -MF"Drivers/STM32F0xx_HAL_Driver/stm32f0xx_hal_rcc.d" -MT"Drivers/STM32F0xx_HAL_Driver/stm32f0xx_hal_rcc.o" -o "Drivers/STM32F0xx_HAL_Driver/stm32f0xx_hal_rcc.o" "C:/WORK/Project/3_Plasma_RF_Generator/3_FirmWare/RF_GEN_Test/Drivers/STM32F0xx_HAL_Driver/Src/stm32f0xx_hal_rcc.c"
Finished building: C:/WORK/Project/3_Plasma_RF_Generator/3_FirmWare/RF_GEN_Test/Drivers/STM32F0xx_HAL_Driver/Src/stm32f0xx_hal_rcc.c
 
Building file: C:/WORK/Project/3_Plasma_RF_Generator/3_FirmWare/RF_GEN_Test/Drivers/STM32F0xx_HAL_Driver/Src/stm32f0xx_hal_rcc_ex.c
Invoking: MCU GCC Compiler
C:\WORK\Project\3_Plasma_RF_Generator\3_FirmWare\RF_GEN_Test\SW4STM32\RF-GEN_V1.0_20190429\Debug
arm-none-eabi-gcc -mcpu=cortex-m0 -mthumb -mfloat-abi=soft '-D__weak=__attribute__((weak))' '-D__packed=__attribute__((__packed__))' -DUSE_HAL_DRIVER -DSTM32F070xB -I"C:/WORK/Project/3_Plasma_RF_Generator/3_FirmWare/RF_GEN_Test/Inc" -I"C:/WORK/Project/3_Plasma_RF_Generator/3_FirmWare/RF_GEN_Test/Drivers/STM32F0xx_HAL_Driver/Inc" -I"C:/WORK/Project/3_Plasma_RF_Generator/3_FirmWare/RF_GEN_Test/Drivers/STM32F0xx_HAL_Driver/Inc/Legacy" -I"C:/WORK/Project/3_Plasma_RF_Generator/3_FirmWare/RF_GEN_Test/Drivers/CMSIS/Device/ST/STM32F0xx/Include" -I"C:/WORK/Project/3_Plasma_RF_Generator/3_FirmWare/RF_GEN_Test/Drivers/CMSIS/Include"  -O2 -g3 -Wall -fmessage-length=0 -ffunction-sections -c -fmessage-length=0 -MMD -MP -MF"Drivers/STM32F0xx_HAL_Driver/stm32f0xx_hal_rcc_ex.d" -MT"Drivers/STM32F0xx_HAL_Driver/stm32f0xx_hal_rcc_ex.o" -o "Drivers/STM32F0xx_HAL_Driver/stm32f0xx_hal_rcc_ex.o" "C:/WORK/Project/3_Plasma_RF_Generator/3_FirmWare/RF_GEN_Test/Drivers/STM32F0xx_HAL_Driver/Src/stm32f0xx_hal_rcc_ex.c"
Finished building: C:/WORK/Project/3_Plasma_RF_Generator/3_FirmWare/RF_GEN_Test/Drivers/STM32F0xx_HAL_Driver/Src/stm32f0xx_hal_rcc_ex.c
 
Building file: C:/WORK/Project/3_Plasma_RF_Generator/3_FirmWare/RF_GEN_Test/Drivers/STM32F0xx_HAL_Driver/Src/stm32f0xx_hal_tim.c
Invoking: MCU GCC Compiler
C:\WORK\Project\3_Plasma_RF_Generator\3_FirmWare\RF_GEN_Test\SW4STM32\RF-GEN_V1.0_20190429\Debug
arm-none-eabi-gcc -mcpu=cortex-m0 -mthumb -mfloat-abi=soft '-D__weak=__attribute__((weak))' '-D__packed=__attribute__((__packed__))' -DUSE_HAL_DRIVER -DSTM32F070xB -I"C:/WORK/Project/3_Plasma_RF_Generator/3_FirmWare/RF_GEN_Test/Inc" -I"C:/WORK/Project/3_Plasma_RF_Generator/3_FirmWare/RF_GEN_Test/Drivers/STM32F0xx_HAL_Driver/Inc" -I"C:/WORK/Project/3_Plasma_RF_Generator/3_FirmWare/RF_GEN_Test/Drivers/STM32F0xx_HAL_Driver/Inc/Legacy" -I"C:/WORK/Project/3_Plasma_RF_Generator/3_FirmWare/RF_GEN_Test/Drivers/CMSIS/Device/ST/STM32F0xx/Include" -I"C:/WORK/Project/3_Plasma_RF_Generator/3_FirmWare/RF_GEN_Test/Drivers/CMSIS/Include"  -O2 -g3 -Wall -fmessage-length=0 -ffunction-sections -c -fmessage-length=0 -MMD -MP -MF"Drivers/STM32F0xx_HAL_Driver/stm32f0xx_hal_tim.d" -MT"Drivers/STM32F0xx_HAL_Driver/stm32f0xx_hal_tim.o" -o "Drivers/STM32F0xx_HAL_Driver/stm32f0xx_hal_tim.o" "C:/WORK/Project/3_Plasma_RF_Generator/3_FirmWare/RF_GEN_Test/Drivers/STM32F0xx_HAL_Driver/Src/stm32f0xx_hal_tim.c"
Finished building: C:/WORK/Project/3_Plasma_RF_Generator/3_FirmWare/RF_GEN_Test/Drivers/STM32F0xx_HAL_Driver/Src/stm32f0xx_hal_tim.c
 
Building file: C:/WORK/Project/3_Plasma_RF_Generator/3_FirmWare/RF_GEN_Test/Drivers/STM32F0xx_HAL_Driver/Src/stm32f0xx_hal_tim_ex.c
Invoking: MCU GCC Compiler
C:\WORK\Project\3_Plasma_RF_Generator\3_FirmWare\RF_GEN_Test\SW4STM32\RF-GEN_V1.0_20190429\Debug
arm-none-eabi-gcc -mcpu=cortex-m0 -mthumb -mfloat-abi=soft '-D__weak=__attribute__((weak))' '-D__packed=__attribute__((__packed__))' -DUSE_HAL_DRIVER -DSTM32F070xB -I"C:/WORK/Project/3_Plasma_RF_Generator/3_FirmWare/RF_GEN_Test/Inc" -I"C:/WORK/Project/3_Plasma_RF_Generator/3_FirmWare/RF_GEN_Test/Drivers/STM32F0xx_HAL_Driver/Inc" -I"C:/WORK/Project/3_Plasma_RF_Generator/3_FirmWare/RF_GEN_Test/Drivers/STM32F0xx_HAL_Driver/Inc/Legacy" -I"C:/WORK/Project/3_Plasma_RF_Generator/3_FirmWare/RF_GEN_Test/Drivers/CMSIS/Device/ST/STM32F0xx/Include" -I"C:/WORK/Project/3_Plasma_RF_Generator/3_FirmWare/RF_GEN_Test/Drivers/CMSIS/Include"  -O2 -g3 -Wall -fmessage-length=0 -ffunction-sections -c -fmessage-length=0 -MMD -MP -MF"Drivers/STM32F0xx_HAL_Driver/stm32f0xx_hal_tim_ex.d" -MT"Drivers/STM32F0xx_HAL_Driver/stm32f0xx_hal_tim_ex.o" -o "Drivers/STM32F0xx_HAL_Driver/stm32f0xx_hal_tim_ex.o" "C:/WORK/Project/3_Plasma_RF_Generator/3_FirmWare/RF_GEN_Test/Drivers/STM32F0xx_HAL_Driver/Src/stm32f0xx_hal_tim_ex.c"
Finished building: C:/WORK/Project/3_Plasma_RF_Generator/3_FirmWare/RF_GEN_Test/Drivers/STM32F0xx_HAL_Driver/Src/stm32f0xx_hal_tim_ex.c
 
Building file: C:/WORK/Project/3_Plasma_RF_Generator/3_FirmWare/RF_GEN_Test/Drivers/STM32F0xx_HAL_Driver/Src/stm32f0xx_hal_uart.c
Invoking: MCU GCC Compiler
C:\WORK\Project\3_Plasma_RF_Generator\3_FirmWare\RF_GEN_Test\SW4STM32\RF-GEN_V1.0_20190429\Debug
arm-none-eabi-gcc -mcpu=cortex-m0 -mthumb -mfloat-abi=soft '-D__weak=__attribute__((weak))' '-D__packed=__attribute__((__packed__))' -DUSE_HAL_DRIVER -DSTM32F070xB -I"C:/WORK/Project/3_Plasma_RF_Generator/3_FirmWare/RF_GEN_Test/Inc" -I"C:/WORK/Project/3_Plasma_RF_Generator/3_FirmWare/RF_GEN_Test/Drivers/STM32F0xx_HAL_Driver/Inc" -I"C:/WORK/Project/3_Plasma_RF_Generator/3_FirmWare/RF_GEN_Test/Drivers/STM32F0xx_HAL_Driver/Inc/Legacy" -I"C:/WORK/Project/3_Plasma_RF_Generator/3_FirmWare/RF_GEN_Test/Drivers/CMSIS/Device/ST/STM32F0xx/Include" -I"C:/WORK/Project/3_Plasma_RF_Generator/3_FirmWare/RF_GEN_Test/Drivers/CMSIS/Include"  -O2 -g3 -Wall -fmessage-length=0 -ffunction-sections -c -fmessage-length=0 -MMD -MP -MF"Drivers/STM32F0xx_HAL_Driver/stm32f0xx_hal_uart.d" -MT"Drivers/STM32F0xx_HAL_Driver/stm32f0xx_hal_uart.o" -o "Drivers/STM32F0xx_HAL_Driver/stm32f0xx_hal_uart.o" "C:/WORK/Project/3_Plasma_RF_Generator/3_FirmWare/RF_GEN_Test/Drivers/STM32F0xx_HAL_Driver/Src/stm32f0xx_hal_uart.c"
Finished building: C:/WORK/Project/3_Plasma_RF_Generator/3_FirmWare/RF_GEN_Test/Drivers/STM32F0xx_HAL_Driver/Src/stm32f0xx_hal_uart.c
 
Building file: C:/WORK/Project/3_Plasma_RF_Generator/3_FirmWare/RF_GEN_Test/Drivers/STM32F0xx_HAL_Driver/Src/stm32f0xx_hal_uart_ex.c
Invoking: MCU GCC Compiler
C:\WORK\Project\3_Plasma_RF_Generator\3_FirmWare\RF_GEN_Test\SW4STM32\RF-GEN_V1.0_20190429\Debug
arm-none-eabi-gcc -mcpu=cortex-m0 -mthumb -mfloat-abi=soft '-D__weak=__attribute__((weak))' '-D__packed=__attribute__((__packed__))' -DUSE_HAL_DRIVER -DSTM32F070xB -I"C:/WORK/Project/3_Plasma_RF_Generator/3_FirmWare/RF_GEN_Test/Inc" -I"C:/WORK/Project/3_Plasma_RF_Generator/3_FirmWare/RF_GEN_Test/Drivers/STM32F0xx_HAL_Driver/Inc" -I"C:/WORK/Project/3_Plasma_RF_Generator/3_FirmWare/RF_GEN_Test/Drivers/STM32F0xx_HAL_Driver/Inc/Legacy" -I"C:/WORK/Project/3_Plasma_RF_Generator/3_FirmWare/RF_GEN_Test/Drivers/CMSIS/Device/ST/STM32F0xx/Include" -I"C:/WORK/Project/3_Plasma_RF_Generator/3_FirmWare/RF_GEN_Test/Drivers/CMSIS/Include"  -O2 -g3 -Wall -fmessage-length=0 -ffunction-sections -c -fmessage-length=0 -MMD -MP -MF"Drivers/STM32F0xx_HAL_Driver/stm32f0xx_hal_uart_ex.d" -MT"Drivers/STM32F0xx_HAL_Driver/stm32f0xx_hal_uart_ex.o" -o "Drivers/STM32F0xx_HAL_Driver/stm32f0xx_hal_uart_ex.o" "C:/WORK/Project/3_Plasma_RF_Generator/3_FirmWare/RF_GEN_Test/Drivers/STM32F0xx_HAL_Driver/Src/stm32f0xx_hal_uart_ex.c"
Finished building: C:/WORK/Project/3_Plasma_RF_Generator/3_FirmWare/RF_GEN_Test/Drivers/STM32F0xx_HAL_Driver/Src/stm32f0xx_hal_uart_ex.c
 
Building file: C:/WORK/Project/3_Plasma_RF_Generator/3_FirmWare/RF_GEN_Test/Src/system_stm32f0xx.c
Invoking: MCU GCC Compiler
C:\WORK\Project\3_Plasma_RF_Generator\3_FirmWare\RF_GEN_Test\SW4STM32\RF-GEN_V1.0_20190429\Debug
arm-none-eabi-gcc -mcpu=cortex-m0 -mthumb -mfloat-abi=soft '-D__weak=__attribute__((weak))' '-D__packed=__attribute__((__packed__))' -DUSE_HAL_DRIVER -DSTM32F070xB -I"C:/WORK/Project/3_Plasma_RF_Generator/3_FirmWare/RF_GEN_Test/Inc" -I"C:/WORK/Project/3_Plasma_RF_Generator/3_FirmWare/RF_GEN_Test/Drivers/STM32F0xx_HAL_Driver/Inc" -I"C:/WORK/Project/3_Plasma_RF_Generator/3_FirmWare/RF_GEN_Test/Drivers/STM32F0xx_HAL_Driver/Inc/Legacy" -I"C:/WORK/Project/3_Plasma_RF_Generator/3_FirmWare/RF_GEN_Test/Drivers/CMSIS/Device/ST/STM32F0xx/Include" -I"C:/WORK/Project/3_Plasma_RF_Generator/3_FirmWare/RF_GEN_Test/Drivers/CMSIS/Include"  -O2 -g3 -Wall -fmessage-length=0 -ffunction-sections -c -fmessage-length=0 -MMD -MP -MF"Drivers/CMSIS/system_stm32f0xx.d" -MT"Drivers/CMSIS/system_stm32f0xx.o" -o "Drivers/CMSIS/system_stm32f0xx.o" "C:/WORK/Project/3_Plasma_RF_Generator/3_FirmWare/RF_GEN_Test/Src/system_stm32f0xx.c"
Finished building: C:/WORK/Project/3_Plasma_RF_Generator/3_FirmWare/RF_GEN_Test/Src/system_stm32f0xx.c
 
Building file: C:/WORK/Project/3_Plasma_RF_Generator/3_FirmWare/RF_GEN_Test/Src/adc.c
Invoking: MCU GCC Compiler
C:\WORK\Project\3_Plasma_RF_Generator\3_FirmWare\RF_GEN_Test\SW4STM32\RF-GEN_V1.0_20190429\Debug
arm-none-eabi-gcc -mcpu=cortex-m0 -mthumb -mfloat-abi=soft '-D__weak=__attribute__((weak))' '-D__packed=__attribute__((__packed__))' -DUSE_HAL_DRIVER -DSTM32F070xB -I"C:/WORK/Project/3_Plasma_RF_Generator/3_FirmWare/RF_GEN_Test/Inc" -I"C:/WORK/Project/3_Plasma_RF_Generator/3_FirmWare/RF_GEN_Test/Drivers/STM32F0xx_HAL_Driver/Inc" -I"C:/WORK/Project/3_Plasma_RF_Generator/3_FirmWare/RF_GEN_Test/Drivers/STM32F0xx_HAL_Driver/Inc/Legacy" -I"C:/WORK/Project/3_Plasma_RF_Generator/3_FirmWare/RF_GEN_Test/Drivers/CMSIS/Device/ST/STM32F0xx/Include" -I"C:/WORK/Project/3_Plasma_RF_Generator/3_FirmWare/RF_GEN_Test/Drivers/CMSIS/Include"  -O2 -g3 -Wall -fmessage-length=0 -ffunction-sections -c -fmessage-length=0 -MMD -MP -MF"Application/User/adc.d" -MT"Application/User/adc.o" -o "Application/User/adc.o" "C:/WORK/Project/3_Plasma_RF_Generator/3_FirmWare/RF_GEN_Test/Src/adc.c"
Finished building: C:/WORK/Project/3_Plasma_RF_Generator/3_FirmWare/RF_GEN_Test/Src/adc.c
 
Building file: C:/WORK/Project/3_Plasma_RF_Generator/3_FirmWare/RF_GEN_Test/Src/gpio.c
Invoking: MCU GCC Compiler
C:\WORK\Project\3_Plasma_RF_Generator\3_FirmWare\RF_GEN_Test\SW4STM32\RF-GEN_V1.0_20190429\Debug
arm-none-eabi-gcc -mcpu=cortex-m0 -mthumb -mfloat-abi=soft '-D__weak=__attribute__((weak))' '-D__packed=__attribute__((__packed__))' -DUSE_HAL_DRIVER -DSTM32F070xB -I"C:/WORK/Project/3_Plasma_RF_Generator/3_FirmWare/RF_GEN_Test/Inc" -I"C:/WORK/Project/3_Plasma_RF_Generator/3_FirmWare/RF_GEN_Test/Drivers/STM32F0xx_HAL_Driver/Inc" -I"C:/WORK/Project/3_Plasma_RF_Generator/3_FirmWare/RF_GEN_Test/Drivers/STM32F0xx_HAL_Driver/Inc/Legacy" -I"C:/WORK/Project/3_Plasma_RF_Generator/3_FirmWare/RF_GEN_Test/Drivers/CMSIS/Device/ST/STM32F0xx/Include" -I"C:/WORK/Project/3_Plasma_RF_Generator/3_FirmWare/RF_GEN_Test/Drivers/CMSIS/Include"  -O2 -g3 -Wall -fmessage-length=0 -ffunction-sections -c -fmessage-length=0 -MMD -MP -MF"Application/User/gpio.d" -MT"Application/User/gpio.o" -o "Application/User/gpio.o" "C:/WORK/Project/3_Plasma_RF_Generator/3_FirmWare/RF_GEN_Test/Src/gpio.c"
Finished building: C:/WORK/Project/3_Plasma_RF_Generator/3_FirmWare/RF_GEN_Test/Src/gpio.c
 
Building file: C:/WORK/Project/3_Plasma_RF_Generator/3_FirmWare/RF_GEN_Test/Src/i2c.c
Invoking: MCU GCC Compiler
C:\WORK\Project\3_Plasma_RF_Generator\3_FirmWare\RF_GEN_Test\SW4STM32\RF-GEN_V1.0_20190429\Debug
arm-none-eabi-gcc -mcpu=cortex-m0 -mthumb -mfloat-abi=soft '-D__weak=__attribute__((weak))' '-D__packed=__attribute__((__packed__))' -DUSE_HAL_DRIVER -DSTM32F070xB -I"C:/WORK/Project/3_Plasma_RF_Generator/3_FirmWare/RF_GEN_Test/Inc" -I"C:/WORK/Project/3_Plasma_RF_Generator/3_FirmWare/RF_GEN_Test/Drivers/STM32F0xx_HAL_Driver/Inc" -I"C:/WORK/Project/3_Plasma_RF_Generator/3_FirmWare/RF_GEN_Test/Drivers/STM32F0xx_HAL_Driver/Inc/Legacy" -I"C:/WORK/Project/3_Plasma_RF_Generator/3_FirmWare/RF_GEN_Test/Drivers/CMSIS/Device/ST/STM32F0xx/Include" -I"C:/WORK/Project/3_Plasma_RF_Generator/3_FirmWare/RF_GEN_Test/Drivers/CMSIS/Include"  -O2 -g3 -Wall -fmessage-length=0 -ffunction-sections -c -fmessage-length=0 -MMD -MP -MF"Application/User/i2c.d" -MT"Application/User/i2c.o" -o "Application/User/i2c.o" "C:/WORK/Project/3_Plasma_RF_Generator/3_FirmWare/RF_GEN_Test/Src/i2c.c"
Finished building: C:/WORK/Project/3_Plasma_RF_Generator/3_FirmWare/RF_GEN_Test/Src/i2c.c
 
Building file: C:/WORK/Project/3_Plasma_RF_Generator/3_FirmWare/RF_GEN_Test/Src/main.c
Invoking: MCU GCC Compiler
C:\WORK\Project\3_Plasma_RF_Generator\3_FirmWare\RF_GEN_Test\SW4STM32\RF-GEN_V1.0_20190429\Debug
arm-none-eabi-gcc -mcpu=cortex-m0 -mthumb -mfloat-abi=soft '-D__weak=__attribute__((weak))' '-D__packed=__attribute__((__packed__))' -DUSE_HAL_DRIVER -DSTM32F070xB -I"C:/WORK/Project/3_Plasma_RF_Generator/3_FirmWare/RF_GEN_Test/Inc" -I"C:/WORK/Project/3_Plasma_RF_Generator/3_FirmWare/RF_GEN_Test/Drivers/STM32F0xx_HAL_Driver/Inc" -I"C:/WORK/Project/3_Plasma_RF_Generator/3_FirmWare/RF_GEN_Test/Drivers/STM32F0xx_HAL_Driver/Inc/Legacy" -I"C:/WORK/Project/3_Plasma_RF_Generator/3_FirmWare/RF_GEN_Test/Drivers/CMSIS/Device/ST/STM32F0xx/Include" -I"C:/WORK/Project/3_Plasma_RF_Generator/3_FirmWare/RF_GEN_Test/Drivers/CMSIS/Include"  -O2 -g3 -Wall -fmessage-length=0 -ffunction-sections -c -fmessage-length=0 -MMD -MP -MF"Application/User/main.d" -MT"Application/User/main.o" -o "Application/User/main.o" "C:/WORK/Project/3_Plasma_RF_Generator/3_FirmWare/RF_GEN_Test/Src/main.c"
Finished building: C:/WORK/Project/3_Plasma_RF_Generator/3_FirmWare/RF_GEN_Test/Src/main.c
 
Building file: C:/WORK/Project/3_Plasma_RF_Generator/3_FirmWare/RF_GEN_Test/Src/stm32f0xx_hal_msp.c
Invoking: MCU GCC Compiler
C:\WORK\Project\3_Plasma_RF_Generator\3_FirmWare\RF_GEN_Test\SW4STM32\RF-GEN_V1.0_20190429\Debug
arm-none-eabi-gcc -mcpu=cortex-m0 -mthumb -mfloat-abi=soft '-D__weak=__attribute__((weak))' '-D__packed=__attribute__((__packed__))' -DUSE_HAL_DRIVER -DSTM32F070xB -I"C:/WORK/Project/3_Plasma_RF_Generator/3_FirmWare/RF_GEN_Test/Inc" -I"C:/WORK/Project/3_Plasma_RF_Generator/3_FirmWare/RF_GEN_Test/Drivers/STM32F0xx_HAL_Driver/Inc" -I"C:/WORK/Project/3_Plasma_RF_Generator/3_FirmWare/RF_GEN_Test/Drivers/STM32F0xx_HAL_Driver/Inc/Legacy" -I"C:/WORK/Project/3_Plasma_RF_Generator/3_FirmWare/RF_GEN_Test/Drivers/CMSIS/Device/ST/STM32F0xx/Include" -I"C:/WORK/Project/3_Plasma_RF_Generator/3_FirmWare/RF_GEN_Test/Drivers/CMSIS/Include"  -O2 -g3 -Wall -fmessage-length=0 -ffunction-sections -c -fmessage-length=0 -MMD -MP -MF"Application/User/stm32f0xx_hal_msp.d" -MT"Application/User/stm32f0xx_hal_msp.o" -o "Application/User/stm32f0xx_hal_msp.o" "C:/WORK/Project/3_Plasma_RF_Generator/3_FirmWare/RF_GEN_Test/Src/stm32f0xx_hal_msp.c"
Finished building: C:/WORK/Project/3_Plasma_RF_Generator/3_FirmWare/RF_GEN_Test/Src/stm32f0xx_hal_msp.c
 
Building file: C:/WORK/Project/3_Plasma_RF_Generator/3_FirmWare/RF_GEN_Test/Src/stm32f0xx_it.c
Invoking: MCU GCC Compiler
C:\WORK\Project\3_Plasma_RF_Generator\3_FirmWare\RF_GEN_Test\SW4STM32\RF-GEN_V1.0_20190429\Debug
arm-none-eabi-gcc -mcpu=cortex-m0 -mthumb -mfloat-abi=soft '-D__weak=__attribute__((weak))' '-D__packed=__attribute__((__packed__))' -DUSE_HAL_DRIVER -DSTM32F070xB -I"C:/WORK/Project/3_Plasma_RF_Generator/3_FirmWare/RF_GEN_Test/Inc" -I"C:/WORK/Project/3_Plasma_RF_Generator/3_FirmWare/RF_GEN_Test/Drivers/STM32F0xx_HAL_Driver/Inc" -I"C:/WORK/Project/3_Plasma_RF_Generator/3_FirmWare/RF_GEN_Test/Drivers/STM32F0xx_HAL_Driver/Inc/Legacy" -I"C:/WORK/Project/3_Plasma_RF_Generator/3_FirmWare/RF_GEN_Test/Drivers/CMSIS/Device/ST/STM32F0xx/Include" -I"C:/WORK/Project/3_Plasma_RF_Generator/3_FirmWare/RF_GEN_Test/Drivers/CMSIS/Include"  -O2 -g3 -Wall -fmessage-length=0 -ffunction-sections -c -fmessage-length=0 -MMD -MP -MF"Application/User/stm32f0xx_it.d" -MT"Application/User/stm32f0xx_it.o" -o "Application/User/stm32f0xx_it.o" "C:/WORK/Project/3_Plasma_RF_Generator/3_FirmWare/RF_GEN_Test/Src/stm32f0xx_it.c"
Finished building: C:/WORK/Project/3_Plasma_RF_Generator/3_FirmWare/RF_GEN_Test/Src/stm32f0xx_it.c
 
Building file: C:/WORK/Project/3_Plasma_RF_Generator/3_FirmWare/RF_GEN_Test/Src/tim.c
Invoking: MCU GCC Compiler
C:\WORK\Project\3_Plasma_RF_Generator\3_FirmWare\RF_GEN_Test\SW4STM32\RF-GEN_V1.0_20190429\Debug
arm-none-eabi-gcc -mcpu=cortex-m0 -mthumb -mfloat-abi=soft '-D__weak=__attribute__((weak))' '-D__packed=__attribute__((__packed__))' -DUSE_HAL_DRIVER -DSTM32F070xB -I"C:/WORK/Project/3_Plasma_RF_Generator/3_FirmWare/RF_GEN_Test/Inc" -I"C:/WORK/Project/3_Plasma_RF_Generator/3_FirmWare/RF_GEN_Test/Drivers/STM32F0xx_HAL_Driver/Inc" -I"C:/WORK/Project/3_Plasma_RF_Generator/3_FirmWare/RF_GEN_Test/Drivers/STM32F0xx_HAL_Driver/Inc/Legacy" -I"C:/WORK/Project/3_Plasma_RF_Generator/3_FirmWare/RF_GEN_Test/Drivers/CMSIS/Device/ST/STM32F0xx/Include" -I"C:/WORK/Project/3_Plasma_RF_Generator/3_FirmWare/RF_GEN_Test/Drivers/CMSIS/Include"  -O2 -g3 -Wall -fmessage-length=0 -ffunction-sections -c -fmessage-length=0 -MMD -MP -MF"Application/User/tim.d" -MT"Application/User/tim.o" -o "Application/User/tim.o" "C:/WORK/Project/3_Plasma_RF_Generator/3_FirmWare/RF_GEN_Test/Src/tim.c"
Finished building: C:/WORK/Project/3_Plasma_RF_Generator/3_FirmWare/RF_GEN_Test/Src/tim.c
 
Building file: C:/WORK/Project/3_Plasma_RF_Generator/3_FirmWare/RF_GEN_Test/Src/usart.c
Invoking: MCU GCC Compiler
C:\WORK\Project\3_Plasma_RF_Generator\3_FirmWare\RF_GEN_Test\SW4STM32\RF-GEN_V1.0_20190429\Debug
arm-none-eabi-gcc -mcpu=cortex-m0 -mthumb -mfloat-abi=soft '-D__weak=__attribute__((weak))' '-D__packed=__attribute__((__packed__))' -DUSE_HAL_DRIVER -DSTM32F070xB -I"C:/WORK/Project/3_Plasma_RF_Generator/3_FirmWare/RF_GEN_Test/Inc" -I"C:/WORK/Project/3_Plasma_RF_Generator/3_FirmWare/RF_GEN_Test/Drivers/STM32F0xx_HAL_Driver/Inc" -I"C:/WORK/Project/3_Plasma_RF_Generator/3_FirmWare/RF_GEN_Test/Drivers/STM32F0xx_HAL_Driver/Inc/Legacy" -I"C:/WORK/Project/3_Plasma_RF_Generator/3_FirmWare/RF_GEN_Test/Drivers/CMSIS/Device/ST/STM32F0xx/Include" -I"C:/WORK/Project/3_Plasma_RF_Generator/3_FirmWare/RF_GEN_Test/Drivers/CMSIS/Include"  -O2 -g3 -Wall -fmessage-length=0 -ffunction-sections -c -fmessage-length=0 -MMD -MP -MF"Application/User/usart.d" -MT"Application/User/usart.o" -o "Application/User/usart.o" "C:/WORK/Project/3_Plasma_RF_Generator/3_FirmWare/RF_GEN_Test/Src/usart.c"
Finished building: C:/WORK/Project/3_Plasma_RF_Generator/3_FirmWare/RF_GEN_Test/Src/usart.c
 
Building target: RF-GEN_V1.0_20190429.elf
Invoking: MCU GCC Linker
arm-none-eabi-gcc -mcpu=cortex-m0 -mthumb -mfloat-abi=soft -specs=nosys.specs -specs=nano.specs -T"../STM32F070RBTx_FLASH.ld" -Wl,-Map=output.map -Wl,--gc-sections -o "RF-GEN_V1.0_20190429.elf" @"objects.list"   -lm
Finished building target: RF-GEN_V1.0_20190429.elf
 
make --no-print-directory post-build
Generating hex and Printing size information:
arm-none-eabi-objcopy -O ihex "RF-GEN_V1.0_20190429.elf" "RF-GEN_V1.0_20190429.hex"
arm-none-eabi-size "RF-GEN_V1.0_20190429.elf"
   text	   data	    bss	    dec	    hex	filename
  14456	     12	   2036	  16504	   4078	RF-GEN_V1.0_20190429.elf
 
20:13:40 **** Incremental Build of configuration Debug for project RF-GEN_V1.0_20190429 ****
make all 
Building file: C:/WORK/Project/3_Plasma_RF_Generator/3_FirmWare/RF_GEN_Test/Drivers/STM32F0xx_HAL_Driver/Src/stm32f0xx_hal.c
Invoking: MCU GCC Compiler
C:\WORK\Project\3_Plasma_RF_Generator\3_FirmWare\RF_GEN_Test\SW4STM32\RF-GEN_V1.0_20190429\Debug
[...]
Finished building: C:/Backup/Plasma_RF_Generator/3_FirmWare/RF_GEN_Test/Drivers/STM32F0xx_HAL_Driver/Src/stm32f0xx_hal_uart.c
 
Building file: C:/Backup/Plasma_RF_Generator/3_FirmWare/RF_GEN_Test/Drivers/STM32F0xx_HAL_Driver/Src/stm32f0xx_hal_uart_ex.c
Invoking: MCU GCC Compiler
C:\Backup\Plasma_RF_Generator\3_FirmWare\RF_GEN_Test\SW4STM32\RF-GEN_V1.0_20200210\Debug
arm-none-eabi-gcc -mcpu=cortex-m0 -mthumb -mfloat-abi=soft '-D__weak=__attribute__((weak))' '-D__packed=__attribute__((__packed__))' -DUSE_HAL_DRIVER -DSTM32F070xB -I"C:/Backup/Plasma_RF_Generator/3_FirmWare/RF_GEN_Test/Inc" -I"C:/Backup/Plasma_RF_Generator/3_FirmWare/RF_GEN_Test/Drivers/STM32F0xx_HAL_Driver/Inc" -I"C:/Backup/Plasma_RF_Generator/3_FirmWare/RF_GEN_Test/Drivers/STM32F0xx_HAL_Driver/Inc/Legacy" -I"C:/Backup/Plasma_RF_Generator/3_FirmWare/RF_GEN_Test/Drivers/CMSIS/Device/ST/STM32F0xx/Include" -I"C:/Backup/Plasma_RF_Generator/3_FirmWare/RF_GEN_Test/Drivers/CMSIS/Include"  -O2 -g3 -Wall -fmessage-length=0 -ffunction-sections -c -fmessage-length=0 -MMD -MP -MF"Drivers/STM32F0xx_HAL_Driver/stm32f0xx_hal_uart_ex.d" -MT"Drivers/STM32F0xx_HAL_Driver/stm32f0xx_hal_uart_ex.o" -o "Drivers/STM32F0xx_HAL_Driver/stm32f0xx_hal_uart_ex.o" "C:/Backup/Plasma_RF_Generator/3_FirmWare/RF_GEN_Test/Drivers/STM32F0xx_HAL_Driver/Src/stm32f0xx_hal_uart_ex.c"
Finished building: C:/Backup/Plasma_RF_Generator/3_FirmWare/RF_GEN_Test/Drivers/STM32F0xx_HAL_Driver/Src/stm32f0xx_hal_uart_ex.c
 
Building file: C:/Backup/Plasma_RF_Generator/3_FirmWare/RF_GEN_Test/Src/system_stm32f0xx.c
Invoking: MCU GCC Compiler
C:\Backup\Plasma_RF_Generator\3_FirmWare\RF_GEN_Test\SW4STM32\RF-GEN_V1.0_20200210\Debug
arm-none-eabi-gcc -mcpu=cortex-m0 -mthumb -mfloat-abi=soft '-D__weak=__attribute__((weak))' '-D__packed=__attribute__((__packed__))' -DUSE_HAL_DRIVER -DSTM32F070xB -I"C:/Backup/Plasma_RF_Generator/3_FirmWare/RF_GEN_Test/Inc" -I"C:/Backup/Plasma_RF_Generator/3_FirmWare/RF_GEN_Test/Drivers/STM32F0xx_HAL_Driver/Inc" -I"C:/Backup/Plasma_RF_Generator/3_FirmWare/RF_GEN_Test/Drivers/STM32F0xx_HAL_Driver/Inc/Legacy" -I"C:/Backup/Plasma_RF_Generator/3_FirmWare/RF_GEN_Test/Drivers/CMSIS/Device/ST/STM32F0xx/Include" -I"C:/Backup/Plasma_RF_Generator/3_FirmWare/RF_GEN_Test/Drivers/CMSIS/Include"  -O2 -g3 -Wall -fmessage-length=0 -ffunction-sections -c -fmessage-length=0 -MMD -MP -MF"Drivers/CMSIS/system_stm32f0xx.d" -MT"Drivers/CMSIS/system_stm32f0xx.o" -o "Drivers/CMSIS/system_stm32f0xx.o" "C:/Backup/Plasma_RF_Generator/3_FirmWare/RF_GEN_Test/Src/system_stm32f0xx.c"
Finished building: C:/Backup/Plasma_RF_Generator/3_FirmWare/RF_GEN_Test/Src/system_stm32f0xx.c
 
Building file: C:/Backup/Plasma_RF_Generator/3_FirmWare/RF_GEN_Test/Src/adc.c
Invoking: MCU GCC Compiler
C:\Backup\Plasma_RF_Generator\3_FirmWare\RF_GEN_Test\SW4STM32\RF-GEN_V1.0_20200210\Debug
arm-none-eabi-gcc -mcpu=cortex-m0 -mthumb -mfloat-abi=soft '-D__weak=__attribute__((weak))' '-D__packed=__attribute__((__packed__))' -DUSE_HAL_DRIVER -DSTM32F070xB -I"C:/Backup/Plasma_RF_Generator/3_FirmWare/RF_GEN_Test/Inc" -I"C:/Backup/Plasma_RF_Generator/3_FirmWare/RF_GEN_Test/Drivers/STM32F0xx_HAL_Driver/Inc" -I"C:/Backup/Plasma_RF_Generator/3_FirmWare/RF_GEN_Test/Drivers/STM32F0xx_HAL_Driver/Inc/Legacy" -I"C:/Backup/Plasma_RF_Generator/3_FirmWare/RF_GEN_Test/Drivers/CMSIS/Device/ST/STM32F0xx/Include" -I"C:/Backup/Plasma_RF_Generator/3_FirmWare/RF_GEN_Test/Drivers/CMSIS/Include"  -O2 -g3 -Wall -fmessage-length=0 -ffunction-sections -c -fmessage-length=0 -MMD -MP -MF"Application/User/adc.d" -MT"Application/User/adc.o" -o "Application/User/adc.o" "C:/Backup/Plasma_RF_Generator/3_FirmWare/RF_GEN_Test/Src/adc.c"
Finished building: C:/Backup/Plasma_RF_Generator/3_FirmWare/RF_GEN_Test/Src/adc.c
 
Building file: C:/Backup/Plasma_RF_Generator/3_FirmWare/RF_GEN_Test/Src/gpio.c
Invoking: MCU GCC Compiler
C:\Backup\Plasma_RF_Generator\3_FirmWare\RF_GEN_Test\SW4STM32\RF-GEN_V1.0_20200210\Debug
arm-none-eabi-gcc -mcpu=cortex-m0 -mthumb -mfloat-abi=soft '-D__weak=__attribute__((weak))' '-D__packed=__attribute__((__packed__))' -DUSE_HAL_DRIVER -DSTM32F070xB -I"C:/Backup/Plasma_RF_Generator/3_FirmWare/RF_GEN_Test/Inc" -I"C:/Backup/Plasma_RF_Generator/3_FirmWare/RF_GEN_Test/Drivers/STM32F0xx_HAL_Driver/Inc" -I"C:/Backup/Plasma_RF_Generator/3_FirmWare/RF_GEN_Test/Drivers/STM32F0xx_HAL_Driver/Inc/Legacy" -I"C:/Backup/Plasma_RF_Generator/3_FirmWare/RF_GEN_Test/Drivers/CMSIS/Device/ST/STM32F0xx/Include" -I"C:/Backup/Plasma_RF_Generator/3_FirmWare/RF_GEN_Test/Drivers/CMSIS/Include"  -O2 -g3 -Wall -fmessage-length=0 -ffunction-sections -c -fmessage-length=0 -MMD -MP -MF"Application/User/gpio.d" -MT"Application/User/gpio.o" -o "Application/User/gpio.o" "C:/Backup/Plasma_RF_Generator/3_FirmWare/RF_GEN_Test/Src/gpio.c"
Finished building: C:/Backup/Plasma_RF_Generator/3_FirmWare/RF_GEN_Test/Src/gpio.c
 
Building file: C:/Backup/Plasma_RF_Generator/3_FirmWare/RF_GEN_Test/Src/i2c.c
Invoking: MCU GCC Compiler
C:\Backup\Plasma_RF_Generator\3_FirmWare\RF_GEN_Test\SW4STM32\RF-GEN_V1.0_20200210\Debug
arm-none-eabi-gcc -mcpu=cortex-m0 -mthumb -mfloat-abi=soft '-D__weak=__attribute__((weak))' '-D__packed=__attribute__((__packed__))' -DUSE_HAL_DRIVER -DSTM32F070xB -I"C:/Backup/Plasma_RF_Generator/3_FirmWare/RF_GEN_Test/Inc" -I"C:/Backup/Plasma_RF_Generator/3_FirmWare/RF_GEN_Test/Drivers/STM32F0xx_HAL_Driver/Inc" -I"C:/Backup/Plasma_RF_Generator/3_FirmWare/RF_GEN_Test/Drivers/STM32F0xx_HAL_Driver/Inc/Legacy" -I"C:/Backup/Plasma_RF_Generator/3_FirmWare/RF_GEN_Test/Drivers/CMSIS/Device/ST/STM32F0xx/Include" -I"C:/Backup/Plasma_RF_Generator/3_FirmWare/RF_GEN_Test/Drivers/CMSIS/Include"  -O2 -g3 -Wall -fmessage-length=0 -ffunction-sections -c -fmessage-length=0 -MMD -MP -MF"Application/User/i2c.d" -MT"Application/User/i2c.o" -o "Application/User/i2c.o" "C:/Backup/Plasma_RF_Generator/3_FirmWare/RF_GEN_Test/Src/i2c.c"
Finished building: C:/Backup/Plasma_RF_Generator/3_FirmWare/RF_GEN_Test/Src/i2c.c
 
Building file: C:/Backup/Plasma_RF_Generator/3_FirmWare/RF_GEN_Test/Src/main.c
Invoking: MCU GCC Compiler
C:\Backup\Plasma_RF_Generator\3_FirmWare\RF_GEN_Test\SW4STM32\RF-GEN_V1.0_20200210\Debug
arm-none-eabi-gcc -mcpu=cortex-m0 -mthumb -mfloat-abi=soft '-D__weak=__attribute__((weak))' '-D__packed=__attribute__((__packed__))' -DUSE_HAL_DRIVER -DSTM32F070xB -I"C:/Backup/Plasma_RF_Generator/3_FirmWare/RF_GEN_Test/Inc" -I"C:/Backup/Plasma_RF_Generator/3_FirmWare/RF_GEN_Test/Drivers/STM32F0xx_HAL_Driver/Inc" -I"C:/Backup/Plasma_RF_Generator/3_FirmWare/RF_GEN_Test/Drivers/STM32F0xx_HAL_Driver/Inc/Legacy" -I"C:/Backup/Plasma_RF_Generator/3_FirmWare/RF_GEN_Test/Drivers/CMSIS/Device/ST/STM32F0xx/Include" -I"C:/Backup/Plasma_RF_Generator/3_FirmWare/RF_GEN_Test/Drivers/CMSIS/Include"  -O2 -g3 -Wall -fmessage-length=0 -ffunction-sections -c -fmessage-length=0 -MMD -MP -MF"Application/User/main.d" -MT"Application/User/main.o" -o "Application/User/main.o" "C:/Backup/Plasma_RF_Generator/3_FirmWare/RF_GEN_Test/Src/main.c"
Finished building: C:/Backup/Plasma_RF_Generator/3_FirmWare/RF_GEN_Test/Src/main.c
 
Building file: C:/Backup/Plasma_RF_Generator/3_FirmWare/RF_GEN_Test/Src/stm32f0xx_hal_msp.c
Invoking: MCU GCC Compiler
C:\Backup\Plasma_RF_Generator\3_FirmWare\RF_GEN_Test\SW4STM32\RF-GEN_V1.0_20200210\Debug
arm-none-eabi-gcc -mcpu=cortex-m0 -mthumb -mfloat-abi=soft '-D__weak=__attribute__((weak))' '-D__packed=__attribute__((__packed__))' -DUSE_HAL_DRIVER -DSTM32F070xB -I"C:/Backup/Plasma_RF_Generator/3_FirmWare/RF_GEN_Test/Inc" -I"C:/Backup/Plasma_RF_Generator/3_FirmWare/RF_GEN_Test/Drivers/STM32F0xx_HAL_Driver/Inc" -I"C:/Backup/Plasma_RF_Generator/3_FirmWare/RF_GEN_Test/Drivers/STM32F0xx_HAL_Driver/Inc/Legacy" -I"C:/Backup/Plasma_RF_Generator/3_FirmWare/RF_GEN_Test/Drivers/CMSIS/Device/ST/STM32F0xx/Include" -I"C:/Backup/Plasma_RF_Generator/3_FirmWare/RF_GEN_Test/Drivers/CMSIS/Include"  -O2 -g3 -Wall -fmessage-length=0 -ffunction-sections -c -fmessage-length=0 -MMD -MP -MF"Application/User/stm32f0xx_hal_msp.d" -MT"Application/User/stm32f0xx_hal_msp.o" -o "Application/User/stm32f0xx_hal_msp.o" "C:/Backup/Plasma_RF_Generator/3_FirmWare/RF_GEN_Test/Src/stm32f0xx_hal_msp.c"
Finished building: C:/Backup/Plasma_RF_Generator/3_FirmWare/RF_GEN_Test/Src/stm32f0xx_hal_msp.c
 
Building file: C:/Backup/Plasma_RF_Generator/3_FirmWare/RF_GEN_Test/Src/stm32f0xx_it.c
Invoking: MCU GCC Compiler
C:\Backup\Plasma_RF_Generator\3_FirmWare\RF_GEN_Test\SW4STM32\RF-GEN_V1.0_20200210\Debug
arm-none-eabi-gcc -mcpu=cortex-m0 -mthumb -mfloat-abi=soft '-D__weak=__attribute__((weak))' '-D__packed=__attribute__((__packed__))' -DUSE_HAL_DRIVER -DSTM32F070xB -I"C:/Backup/Plasma_RF_Generator/3_FirmWare/RF_GEN_Test/Inc" -I"C:/Backup/Plasma_RF_Generator/3_FirmWare/RF_GEN_Test/Drivers/STM32F0xx_HAL_Driver/Inc" -I"C:/Backup/Plasma_RF_Generator/3_FirmWare/RF_GEN_Test/Drivers/STM32F0xx_HAL_Driver/Inc/Legacy" -I"C:/Backup/Plasma_RF_Generator/3_FirmWare/RF_GEN_Test/Drivers/CMSIS/Device/ST/STM32F0xx/Include" -I"C:/Backup/Plasma_RF_Generator/3_FirmWare/RF_GEN_Test/Drivers/CMSIS/Include"  -O2 -g3 -Wall -fmessage-length=0 -ffunction-sections -c -fmessage-length=0 -MMD -MP -MF"Application/User/stm32f0xx_it.d" -MT"Application/User/stm32f0xx_it.o" -o "Application/User/stm32f0xx_it.o" "C:/Backup/Plasma_RF_Generator/3_FirmWare/RF_GEN_Test/Src/stm32f0xx_it.c"
Finished building: C:/Backup/Plasma_RF_Generator/3_FirmWare/RF_GEN_Test/Src/stm32f0xx_it.c
 
Building file: C:/Backup/Plasma_RF_Generator/3_FirmWare/RF_GEN_Test/Src/tim.c
Invoking: MCU GCC Compiler
C:\Backup\Plasma_RF_Generator\3_FirmWare\RF_GEN_Test\SW4STM32\RF-GEN_V1.0_20200210\Debug
arm-none-eabi-gcc -mcpu=cortex-m0 -mthumb -mfloat-abi=soft '-D__weak=__attribute__((weak))' '-D__packed=__attribute__((__packed__))' -DUSE_HAL_DRIVER -DSTM32F070xB -I"C:/Backup/Plasma_RF_Generator/3_FirmWare/RF_GEN_Test/Inc" -I"C:/Backup/Plasma_RF_Generator/3_FirmWare/RF_GEN_Test/Drivers/STM32F0xx_HAL_Driver/Inc" -I"C:/Backup/Plasma_RF_Generator/3_FirmWare/RF_GEN_Test/Drivers/STM32F0xx_HAL_Driver/Inc/Legacy" -I"C:/Backup/Plasma_RF_Generator/3_FirmWare/RF_GEN_Test/Drivers/CMSIS/Device/ST/STM32F0xx/Include" -I"C:/Backup/Plasma_RF_Generator/3_FirmWare/RF_GEN_Test/Drivers/CMSIS/Include"  -O2 -g3 -Wall -fmessage-length=0 -ffunction-sections -c -fmessage-length=0 -MMD -MP -MF"Application/User/tim.d" -MT"Application/User/tim.o" -o "Application/User/tim.o" "C:/Backup/Plasma_RF_Generator/3_FirmWare/RF_GEN_Test/Src/tim.c"
Finished building: C:/Backup/Plasma_RF_Generator/3_FirmWare/RF_GEN_Test/Src/tim.c
 
Building file: C:/Backup/Plasma_RF_Generator/3_FirmWare/RF_GEN_Test/Src/usart.c
Invoking: MCU GCC Compiler
C:\Backup\Plasma_RF_Generator\3_FirmWare\RF_GEN_Test\SW4STM32\RF-GEN_V1.0_20200210\Debug
arm-none-eabi-gcc -mcpu=cortex-m0 -mthumb -mfloat-abi=soft '-D__weak=__attribute__((weak))' '-D__packed=__attribute__((__packed__))' -DUSE_HAL_DRIVER -DSTM32F070xB -I"C:/Backup/Plasma_RF_Generator/3_FirmWare/RF_GEN_Test/Inc" -I"C:/Backup/Plasma_RF_Generator/3_FirmWare/RF_GEN_Test/Drivers/STM32F0xx_HAL_Driver/Inc" -I"C:/Backup/Plasma_RF_Generator/3_FirmWare/RF_GEN_Test/Drivers/STM32F0xx_HAL_Driver/Inc/Legacy" -I"C:/Backup/Plasma_RF_Generator/3_FirmWare/RF_GEN_Test/Drivers/CMSIS/Device/ST/STM32F0xx/Include" -I"C:/Backup/Plasma_RF_Generator/3_FirmWare/RF_GEN_Test/Drivers/CMSIS/Include"  -O2 -g3 -Wall -fmessage-length=0 -ffunction-sections -c -fmessage-length=0 -MMD -MP -MF"Application/User/usart.d" -MT"Application/User/usart.o" -o "Application/User/usart.o" "C:/Backup/Plasma_RF_Generator/3_FirmWare/RF_GEN_Test/Src/usart.c"
Finished building: C:/Backup/Plasma_RF_Generator/3_FirmWare/RF_GEN_Test/Src/usart.c
 
Building file: C:/Backup/Plasma_RF_Generator/3_FirmWare/RF_GEN_Test/SW4STM32/startup_stm32f070xb.s
Invoking: MCU GCC Assembler
C:\Backup\Plasma_RF_Generator\3_FirmWare\RF_GEN_Test\SW4STM32\RF-GEN_V1.0_20200210\Debug
arm-none-eabi-as -mcpu=cortex-m0 -mthumb -mfloat-abi=soft -g -o "Application/SW4STM32/startup_stm32f070xb.o" "C:/Backup/Plasma_RF_Generator/3_FirmWare/RF_GEN_Test/SW4STM32/startup_stm32f070xb.s"
Finished building: C:/Backup/Plasma_RF_Generator/3_FirmWare/RF_GEN_Test/SW4STM32/startup_stm32f070xb.s
 
Building file: C:/Backup/Plasma_RF_Generator/3_FirmWare/RF_GEN_Test/SW4STM32/syscalls.c
Invoking: MCU GCC Compiler
C:\Backup\Plasma_RF_Generator\3_FirmWare\RF_GEN_Test\SW4STM32\RF-GEN_V1.0_20200210\Debug
arm-none-eabi-gcc -mcpu=cortex-m0 -mthumb -mfloat-abi=soft '-D__weak=__attribute__((weak))' '-D__packed=__attribute__((__packed__))' -DUSE_HAL_DRIVER -DSTM32F070xB -I"C:/Backup/Plasma_RF_Generator/3_FirmWare/RF_GEN_Test/Inc" -I"C:/Backup/Plasma_RF_Generator/3_FirmWare/RF_GEN_Test/Drivers/STM32F0xx_HAL_Driver/Inc" -I"C:/Backup/Plasma_RF_Generator/3_FirmWare/RF_GEN_Test/Drivers/STM32F0xx_HAL_Driver/Inc/Legacy" -I"C:/Backup/Plasma_RF_Generator/3_FirmWare/RF_GEN_Test/Drivers/CMSIS/Device/ST/STM32F0xx/Include" -I"C:/Backup/Plasma_RF_Generator/3_FirmWare/RF_GEN_Test/Drivers/CMSIS/Include"  -O2 -g3 -Wall -fmessage-length=0 -ffunction-sections -c -fmessage-length=0 -MMD -MP -MF"Application/SW4STM32/syscalls.d" -MT"Application/SW4STM32/syscalls.o" -o "Application/SW4STM32/syscalls.o" "C:/Backup/Plasma_RF_Generator/3_FirmWare/RF_GEN_Test/SW4STM32/syscalls.c"
Finished building: C:/Backup/Plasma_RF_Generator/3_FirmWare/RF_GEN_Test/SW4STM32/syscalls.c
 
Building target: RF-GEN_V1.0_20200210.elf
Invoking: MCU GCC Linker
arm-none-eabi-gcc -mcpu=cortex-m0 -mthumb -mfloat-abi=soft -specs=nosys.specs -specs=nano.specs -T"../STM32F070RBTx_FLASH.ld" -Wl,-Map=output.map -Wl,--gc-sections -o "RF-GEN_V1.0_20200210.elf" @"objects.list"   -lm
Finished building target: RF-GEN_V1.0_20200210.elf
 
make --no-print-directory post-build
Generating hex and Printing size information:
arm-none-eabi-objcopy -O ihex "RF-GEN_V1.0_20200210.elf" "RF-GEN_V1.0_20200210.hex"
arm-none-eabi-size "RF-GEN_V1.0_20200210.elf"
   text	   data	    bss	    dec	    hex	filename
  14720	     12	   2036	  16768	   4180	RF-GEN_V1.0_20200210.elf
 
14:56:56 **** Incremental Build of configuration Debug for project RF-GEN_V1.0_20200210 ****
make all 
Building file: C:/Backup/Plasma_RF_Generator/3_FirmWare/RF_GEN_Test/Src/tim.c
Invoking: MCU GCC Compiler
C:\Backup\Plasma_RF_Generator\3_FirmWare\RF_GEN_Test\SW4STM32\RF-GEN_V1.0_20200210\Debug
arm-none-eabi-gcc -mcpu=cortex-m0 -mthumb -mfloat-abi=soft '-D__weak=__attribute__((weak))' '-D__packed=__attribute__((__packed__))' -DUSE_HAL_DRIVER -DSTM32F070xB -I"C:/Backup/Plasma_RF_Generator/3_FirmWare/RF_GEN_Test/Inc" -I"C:/Backup/Plasma_RF_Generator/3_FirmWare/RF_GEN_Test/Drivers/STM32F0xx_HAL_Driver/Inc" -I"C:/Backup/Plasma_RF_Generator/3_FirmWare/RF_GEN_Test/Drivers/STM32F0xx_HAL_Driver/Inc/Legacy" -I"C:/Backup/Plasma_RF_Generator/3_FirmWare/RF_GEN_Test/Drivers/CMSIS/Device/ST/STM32F0xx/Include" -I"C:/Backup/Plasma_RF_Generator/3_FirmWare/RF_GEN_Test/Drivers/CMSIS/Include"  -O2 -g3 -Wall -fmessage-length=0 -ffunction-sections -c -fmessage-length=0 -MMD -MP -MF"Application/User/tim.d" -MT"Application/User/tim.o" -o "Application/User/tim.o" "C:/Backup/Plasma_RF_Generator/3_FirmWare/RF_GEN_Test/Src/tim.c"
Finished building: C:/Backup/Plasma_RF_Generator/3_FirmWare/RF_GEN_Test/Src/tim.c
 
Building target: RF-GEN_V1.0_20200210.elf
Invoking: MCU GCC Linker
arm-none-eabi-gcc -mcpu=cortex-m0 -mthumb -mfloat-abi=soft -specs=nosys.specs -specs=nano.specs -T"../STM32F070RBTx_FLASH.ld" -Wl,-Map=output.map -Wl,--gc-sections -o "RF-GEN_V1.0_20200210.elf" @"objects.list"   -lm
Finished building target: RF-GEN_V1.0_20200210.elf
 
make --no-print-directory post-build
Generating hex and Printing size information:
arm-none-eabi-objcopy -O ihex "RF-GEN_V1.0_20200210.elf" "RF-GEN_V1.0_20200210.hex"
arm-none-eabi-size "RF-GEN_V1.0_20200210.elf"
   text	   data	    bss	    dec	    hex	filename
  14720	     12	   2036	  16768	   4180	RF-GEN_V1.0_20200210.elf
 
20:30:41 **** Build of configuration Debug for project RF-GEN_V1.0_20190429 ****
make all 
Building file: C:/WORK/Project/3_Plasma_RF_Generator/3_FirmWare/RF_GEN_Test/Src/main.c
Invoking: MCU GCC Compiler
C:\WORK\Project\3_Plasma_RF_Generator\3_FirmWare\RF_GEN_Test\SW4STM32\RF-GEN_V1.0_20190429\Debug
arm-none-eabi-gcc -mcpu=cortex-m0 -mthumb -mfloat-abi=soft '-D__weak=__attribute__((weak))' '-D__packed=__attribute__((__packed__))' -DUSE_HAL_DRIVER -DSTM32F070xB -I"C:/WORK/Project/3_Plasma_RF_Generator/3_FirmWare/RF_GEN_Test/Inc" -I"C:/WORK/Project/3_Plasma_RF_Generator/3_FirmWare/RF_GEN_Test/Drivers/STM32F0xx_HAL_Driver/Inc" -I"C:/WORK/Project/3_Plasma_RF_Generator/3_FirmWare/RF_GEN_Test/Drivers/STM32F0xx_HAL_Driver/Inc/Legacy" -I"C:/WORK/Project/3_Plasma_RF_Generator/3_FirmWare/RF_GEN_Test/Drivers/CMSIS/Device/ST/STM32F0xx/Include" -I"C:/WORK/Project/3_Plasma_RF_Generator/3_FirmWare/RF_GEN_Test/Drivers/CMSIS/Include"  -O2 -g3 -Wall -fmessage-length=0 -ffunction-sections -c -fmessage-length=0 -MMD -MP -MF"Application/User/main.d" -MT"Application/User/main.o" -o "Application/User/main.o" "C:/WORK/Project/3_Plasma_RF_Generator/3_FirmWare/RF_GEN_Test/Src/main.c"
Finished building: C:/WORK/Project/3_Plasma_RF_Generator/3_FirmWare/RF_GEN_Test/Src/main.c
 
Building file: C:/WORK/Project/3_Plasma_RF_Generator/3_FirmWare/RF_GEN_Test/Src/tim.c
Invoking: MCU GCC Compiler
C:\WORK\Project\3_Plasma_RF_Generator\3_FirmWare\RF_GEN_Test\SW4STM32\RF-GEN_V1.0_20190429\Debug
arm-none-eabi-gcc -mcpu=cortex-m0 -mthumb -mfloat-abi=soft '-D__weak=__attribute__((weak))' '-D__packed=__attribute__((__packed__))' -DUSE_HAL_DRIVER -DSTM32F070xB -I"C:/WORK/Project/3_Plasma_RF_Generator/3_FirmWare/RF_GEN_Test/Inc" -I"C:/WORK/Project/3_Plasma_RF_Generator/3_FirmWare/RF_GEN_Test/Drivers/STM32F0xx_HAL_Driver/Inc" -I"C:/WORK/Project/3_Plasma_RF_Generator/3_FirmWare/RF_GEN_Test/Drivers/STM32F0xx_HAL_Driver/Inc/Legacy" -I"C:/WORK/Project/3_Plasma_RF_Generator/3_FirmWare/RF_GEN_Test/Drivers/CMSIS/Device/ST/STM32F0xx/Include" -I"C:/WORK/Project/3_Plasma_RF_Generator/3_FirmWare/RF_GEN_Test/Drivers/CMSIS/Include"  -O2 -g3 -Wall -fmessage-length=0 -ffunction-sections -c -fmessage-length=0 -MMD -MP -MF"Application/User/tim.d" -MT"Application/User/tim.o" -o "Application/User/tim.o" "C:/WORK/Project/3_Plasma_RF_Generator/3_FirmWare/RF_GEN_Test/Src/tim.c"
Finished building: C:/WORK/Project/3_Plasma_RF_Generator/3_FirmWare/RF_GEN_Test/Src/tim.c
 
Building target: RF-GEN_V1.0_20190429.elf
Invoking: MCU GCC Linker
arm-none-eabi-gcc -mcpu=cortex-m0 -mthumb -mfloat-abi=soft -specs=nosys.specs -specs=nano.specs -T"../STM32F070RBTx_FLASH.ld" -Wl,-Map=output.map -Wl,--gc-sections -o "RF-GEN_V1.0_20190429.elf" @"objects.list"   -lm
Finished building target: RF-GEN_V1.0_20190429.elf
 
make --no-print-directory post-build
Generating hex and Printing size information:
arm-none-eabi-objcopy -O ihex "RF-GEN_V1.0_20190429.elf" "RF-GEN_V1.0_20190429.hex"
arm-none-eabi-size "RF-GEN_V1.0_20190429.elf"
   text	   data	    bss	    dec	    hex	filename
  14800	     12	   2036	  16848	   41d0	RF-GEN_V1.0_20190429.elf
 
22:51:35 **** Build of configuration Debug for project RF-GEN_V1.0_20190429 ****
make all 
make: Nothing to be done for 'all'.
