14:56:56 **** Incremental Build of configuration Debug for project RF-GEN_V1.0_20200210 ****
make all 
Building file: C:/Backup/Plasma_RF_Generator/3_FirmWare/RF_GEN_Test/Src/tim.c
Invoking: MCU GCC Compiler
C:\Backup\Plasma_RF_Generator\3_FirmWare\RF_GEN_Test\SW4STM32\RF-GEN_V1.0_20200210\Debug
arm-none-eabi-gcc -mcpu=cortex-m0 -mthumb -mfloat-abi=soft '-D__weak=__attribute__((weak))' '-D__packed=__attribute__((__packed__))' -DUSE_HAL_DRIVER -DSTM32F070xB -I"C:/Backup/Plasma_RF_Generator/3_FirmWare/RF_GEN_Test/Inc" -I"C:/Backup/Plasma_RF_Generator/3_FirmWare/RF_GEN_Test/Drivers/STM32F0xx_HAL_Driver/Inc" -I"C:/Backup/Plasma_RF_Generator/3_FirmWare/RF_GEN_Test/Drivers/STM32F0xx_HAL_Driver/Inc/Legacy" -I"C:/Backup/Plasma_RF_Generator/3_FirmWare/RF_GEN_Test/Drivers/CMSIS/Device/ST/STM32F0xx/Include" -I"C:/Backup/Plasma_RF_Generator/3_FirmWare/RF_GEN_Test/Drivers/CMSIS/Include"  -O2 -g3 -Wall -fmessage-length=0 -ffunction-sections -c -fmessage-length=0 -MMD -MP -MF"Application/User/tim.d" -MT"Application/User/tim.o" -o "Application/User/tim.o" "C:/Backup/Plasma_RF_Generator/3_FirmWare/RF_GEN_Test/Src/tim.c"
Finished building: C:/Backup/Plasma_RF_Generator/3_FirmWare/RF_GEN_Test/Src/tim.c
 
Building target: RF-GEN_V1.0_20200210.elf
Invoking: MCU GCC Linker
arm-none-eabi-gcc -mcpu=cortex-m0 -mthumb -mfloat-abi=soft -specs=nosys.specs -specs=nano.specs -T"../STM32F070RBTx_FLASH.ld" -Wl,-Map=output.map -Wl,--gc-sections -o "RF-GEN_V1.0_20200210.elf" @"objects.list"   -lm
Finished building target: RF-GEN_V1.0_20200210.elf
 
make --no-print-directory post-build
Generating hex and Printing size information:
arm-none-eabi-objcopy -O ihex "RF-GEN_V1.0_20200210.elf" "RF-GEN_V1.0_20200210.hex"
arm-none-eabi-size "RF-GEN_V1.0_20200210.elf"
   text	   data	    bss	    dec	    hex	filename
  14720	     12	   2036	  16768	   4180	RF-GEN_V1.0_20200210.elf
 

14:57:00 Build Finished (took 4s.688ms)

